Component: ARM Compiler 5.06 update 6 (build 750) Tool: armlink [4d35ed]

==============================================================================

Section Cross References

    startup_stm32f407xx.o(STACK) refers (Special) to heapauxi.o(.text) for __use_two_region_memory
    startup_stm32f407xx.o(HEAP) refers (Special) to heapauxi.o(.text) for __use_two_region_memory
    startup_stm32f407xx.o(RESET) refers (Special) to heapauxi.o(.text) for __use_two_region_memory
    startup_stm32f407xx.o(RESET) refers to startup_stm32f407xx.o(STACK) for __initial_sp
    startup_stm32f407xx.o(RESET) refers to startup_stm32f407xx.o(.text) for Reset_Handler
    startup_stm32f407xx.o(RESET) refers to stm32f4xx_it.o(i.NMI_Handler) for NMI_Handler
    startup_stm32f407xx.o(RESET) refers to stm32f4xx_it.o(i.HardFault_Handler) for HardFault_Handler
    startup_stm32f407xx.o(RESET) refers to stm32f4xx_it.o(i.MemManage_Handler) for MemManage_Handler
    startup_stm32f407xx.o(RESET) refers to stm32f4xx_it.o(i.BusFault_Handler) for BusFault_Handler
    startup_stm32f407xx.o(RESET) refers to stm32f4xx_it.o(i.UsageFault_Handler) for UsageFault_Handler
    startup_stm32f407xx.o(RESET) refers to stm32f4xx_it.o(i.SVC_Handler) for SVC_Handler
    startup_stm32f407xx.o(RESET) refers to stm32f4xx_it.o(i.DebugMon_Handler) for DebugMon_Handler
    startup_stm32f407xx.o(RESET) refers to stm32f4xx_it.o(i.PendSV_Handler) for PendSV_Handler
    startup_stm32f407xx.o(RESET) refers to stm32f4xx_it.o(i.SysTick_Handler) for SysTick_Handler
    startup_stm32f407xx.o(RESET) refers to stm32f4xx_it.o(i.CAN1_RX0_IRQHandler) for CAN1_RX0_IRQHandler
    startup_stm32f407xx.o(RESET) refers to stm32f4xx_it.o(i.TIM1_UP_TIM10_IRQHandler) for TIM1_UP_TIM10_IRQHandler
    startup_stm32f407xx.o(RESET) refers to stm32f4xx_it.o(i.CAN2_RX0_IRQHandler) for CAN2_RX0_IRQHandler
    startup_stm32f407xx.o(.text) refers (Special) to heapauxi.o(.text) for __use_two_region_memory
    startup_stm32f407xx.o(.text) refers to system_stm32f4xx.o(i.SystemInit) for SystemInit
    startup_stm32f407xx.o(.text) refers to __main.o(!!!main) for __main
    startup_stm32f407xx.o(.text) refers to startup_stm32f407xx.o(HEAP) for Heap_Mem
    startup_stm32f407xx.o(.text) refers to startup_stm32f407xx.o(STACK) for Stack_Mem
    main.o(i.HAL_TIM_PeriodElapsedCallback) refers to stm32f4xx_hal.o(i.HAL_IncTick) for HAL_IncTick
    main.o(i.SystemClock_Config) refers to rt_memclr_w.o(.text) for __aeabi_memclr4
    main.o(i.SystemClock_Config) refers to stm32f4xx_hal_rcc.o(i.HAL_RCC_OscConfig) for HAL_RCC_OscConfig
    main.o(i.SystemClock_Config) refers to stm32f4xx_hal_rcc.o(i.HAL_RCC_ClockConfig) for HAL_RCC_ClockConfig
    main.o(i.main) refers to stm32f4xx_hal.o(i.HAL_Init) for HAL_Init
    main.o(i.main) refers to main.o(i.SystemClock_Config) for SystemClock_Config
    main.o(i.main) refers to gpio.o(i.MX_GPIO_Init) for MX_GPIO_Init
    main.o(i.main) refers to can.o(i.MX_CAN1_Init) for MX_CAN1_Init
    main.o(i.main) refers to can.o(i.MX_CAN2_Init) for MX_CAN2_Init
    main.o(i.main) refers to can.o(i.CAN_TRANSMIT1) for CAN_TRANSMIT1
    main.o(i.main) refers to stm32f4xx_hal.o(i.HAL_Delay) for HAL_Delay
    main.o(i.main) refers to can.o(i.CAN_TRANSMIT2) for CAN_TRANSMIT2
    gpio.o(i.MX_GPIO_Init) refers to rt_memclr_w.o(.text) for __aeabi_memclr4
    gpio.o(i.MX_GPIO_Init) refers to stm32f4xx_hal_gpio.o(i.HAL_GPIO_WritePin) for HAL_GPIO_WritePin
    gpio.o(i.MX_GPIO_Init) refers to stm32f4xx_hal_gpio.o(i.HAL_GPIO_Init) for HAL_GPIO_Init
    can.o(i.CAN_TRANSMIT1) refers to stm32f4xx_hal_can.o(i.HAL_CAN_AddTxMessage) for HAL_CAN_AddTxMessage
    can.o(i.CAN_TRANSMIT1) refers to stm32f4xx_hal_gpio.o(i.HAL_GPIO_WritePin) for HAL_GPIO_WritePin
    can.o(i.CAN_TRANSMIT1) refers to main.o(i.Error_Handler) for Error_Handler
    can.o(i.CAN_TRANSMIT1) refers to can.o(.bss) for .bss
    can.o(i.CAN_TRANSMIT2) refers to stm32f4xx_hal_can.o(i.HAL_CAN_AddTxMessage) for HAL_CAN_AddTxMessage
    can.o(i.CAN_TRANSMIT2) refers to stm32f4xx_hal_gpio.o(i.HAL_GPIO_WritePin) for HAL_GPIO_WritePin
    can.o(i.CAN_TRANSMIT2) refers to main.o(i.Error_Handler) for Error_Handler
    can.o(i.CAN_TRANSMIT2) refers to can.o(.bss) for .bss
    can.o(i.HAL_CAN_MspDeInit) refers to stm32f4xx_hal_gpio.o(i.HAL_GPIO_DeInit) for HAL_GPIO_DeInit
    can.o(i.HAL_CAN_MspDeInit) refers to stm32f4xx_hal_cortex.o(i.HAL_NVIC_DisableIRQ) for HAL_NVIC_DisableIRQ
    can.o(i.HAL_CAN_MspDeInit) refers to can.o(.data) for .data
    can.o(i.HAL_CAN_MspInit) refers to rt_memclr_w.o(.text) for __aeabi_memclr4
    can.o(i.HAL_CAN_MspInit) refers to stm32f4xx_hal_gpio.o(i.HAL_GPIO_Init) for HAL_GPIO_Init
    can.o(i.HAL_CAN_MspInit) refers to stm32f4xx_hal_cortex.o(i.HAL_NVIC_SetPriority) for HAL_NVIC_SetPriority
    can.o(i.HAL_CAN_MspInit) refers to stm32f4xx_hal_cortex.o(i.HAL_NVIC_EnableIRQ) for HAL_NVIC_EnableIRQ
    can.o(i.HAL_CAN_MspInit) refers to can.o(.data) for .data
[...]
    ../clib/heapalloc.c                      0x00000000   Number         0  maybetermalloc1.o ABSOLUTE
    ../clib/heapalloc.c                      0x00000000   Number         0  malloc.o ABSOLUTE
    ../clib/heapalloc.c                      0x00000000   Number         0  free.o ABSOLUTE
    ../clib/heapalloc.c                      0x00000000   Number         0  maybetermalloc2.o ABSOLUTE
    ../clib/heapalloc.c                      0x00000000   Number         0  term_alloc.o ABSOLUTE
    ../clib/heapalloc.c                      0x00000000   Number         0  heapstubs.o ABSOLUTE
    ../clib/heapalloc.c                      0x00000000   Number         0  maybetermalloc2.o ABSOLUTE
    ../clib/heapaux.c                        0x00000000   Number         0  heapauxi.o ABSOLUTE
    ../clib/heapaux.c                        0x00000000   Number         0  heapauxa.o ABSOLUTE
    ../clib/libinit.s                        0x00000000   Number         0  libinit.o ABSOLUTE
    ../clib/libinit.s                        0x00000000   Number         0  libshutdown.o ABSOLUTE
    ../clib/libinit.s                        0x00000000   Number         0  libinit2.o ABSOLUTE
    ../clib/libinit.s                        0x00000000   Number         0  libshutdown2.o ABSOLUTE
    ../clib/longlong.s                       0x00000000   Number         0  lludivv7m.o ABSOLUTE
    ../clib/memcpset.s                       0x00000000   Number         0  rt_memclr_w.o ABSOLUTE
    ../clib/memcpset.s                       0x00000000   Number         0  rt_memcpy_w.o ABSOLUTE
    ../clib/memcpset.s                       0x00000000   Number         0  rt_memcpy_v6.o ABSOLUTE
    ../clib/printf.c                         0x00000000   Number         0  __printf_nopercent.o ABSOLUTE
    ../clib/printf.c                         0x00000000   Number         0  _printf_char_file.o ABSOLUTE
    ../clib/printf.c                         0x00000000   Number         0  _printf_char_file_locked.o ABSOLUTE
    ../clib/printf.c                         0x00000000   Number         0  _printf_char_common.o ABSOLUTE
    ../clib/printf.c                         0x00000000   Number         0  __2printf.o ABSOLUTE
    ../clib/printf.c                         0x00000000   Number         0  noretval__2printf.o ABSOLUTE
    ../clib/signal.c                         0x00000000   Number         0  defsig_stak_inner.o ABSOLUTE
    ../clib/signal.c                         0x00000000   Number         0  defsig_abrt_inner.o ABSOLUTE
    ../clib/signal.c                         0x00000000   Number         0  defsig_rtmem_inner.o ABSOLUTE
    ../clib/signal.c                         0x00000000   Number         0  defsig_rtmem_outer.o ABSOLUTE
    ../clib/signal.c                         0x00000000   Number         0  defsig_general.o ABSOLUTE
    ../clib/signal.c                         0x00000000   Number         0  __raise.o ABSOLUTE
    ../clib/signal.c                         0x00000000   Number         0  defsig_pvfn_inner.o ABSOLUTE
    ../clib/signal.c                         0x00000000   Number         0  defsig_rtmem_formal.o ABSOLUTE
    ../clib/signal.c                         0x00000000   Number         0  defsig_rtred_inner.o ABSOLUTE
    ../clib/signal.c                         0x00000000   Number         0  defsig_cppl_inner.o ABSOLUTE
    ../clib/signal.c                         0x00000000   Number         0  defsig_fpe_inner.o ABSOLUTE
    ../clib/signal.c                         0x00000000   Number         0  defsig_segv_inner.o ABSOLUTE
    ../clib/signal.c                         0x00000000   Number         0  defsig_exit.o ABSOLUTE
    ../clib/signal.c                         0x00000000   Number         0  defsig_other.o ABSOLUTE
    ../clib/signal.c                         0x00000000   Number         0  defsig_rtred_formal.o ABSOLUTE
    ../clib/signal.c                         0x00000000   Number         0  defsig_rtred_outer.o ABSOLUTE
    ../clib/signal.c                         0x00000000   Number         0  defsig_fpe_formal.o ABSOLUTE
    ../clib/signal.c                         0x00000000   Number         0  defsig_fpe_outer.o ABSOLUTE
    ../clib/signal.s                         0x00000000   Number         0  defsig.o ABSOLUTE
    ../clib/stdio.c                          0x00000000   Number         0  fputs_locked.o ABSOLUTE
    ../clib/stdio.c                          0x00000000   Number         0  ftell.o ABSOLUTE
    ../clib/stdio.c                          0x00000000   Number         0  fputs.o ABSOLUTE
    ../clib/stdio.c                          0x00000000   Number         0  fflush.o ABSOLUTE
    ../clib/stdio.c                          0x00000000   Number         0  ferror.o ABSOLUTE
    ../clib/stdio.c                          0x00000000   Number         0  streamlock.o ABSOLUTE
    ../clib/stdio.c                          0x00000000   Number         0  setvbuf.o ABSOLUTE
    ../clib/stdio.c                          0x00000000   Number         0  flsbuf.o ABSOLUTE
    ../clib/stdio.c                          0x00000000   Number         0  stdio_streams.o ABSOLUTE
    ../clib/stdio.c                          0x00000000   Number         0  ferror_locked.o ABSOLUTE
    ../clib/stdio.c                          0x00000000   Number         0  fputc_locked.o ABSOLUTE
    ../clib/stdio.c                          0x00000000   Number         0  initio.o ABSOLUTE
    ../clib/stdio.c                          0x00000000   Number         0  fputc.o ABSOLUTE
    ../clib/stdio.c                          0x00000000   Number         0  fwritefast_locked.o ABSOLUTE
    ../clib/stdio.c                          0x00000000   Number         0  fwritefast.o ABSOLUTE
    ../clib/stdio.c                          0x00000000   Number         0  stdio.o ABSOLUTE
    ../clib/stdio.c                          0x00000000   Number         0  fopen_locked.o ABSOLUTE
    ../clib/stdio.c                          0x00000000   Number         0  setvbuf_locked.o ABSOLUTE
    ../clib/stdio.c                          0x00000000   Number         0  initio_locked.o ABSOLUTE
    ../clib/stdio.c                          0x00000000   Number         0  fclose.o ABSOLUTE
    ../clib/stdio.c                          0x00000000   Number         0  fseek.o ABSOLUTE
    ../clib/stdio.c                          0x00000000   Number         0  fflush_locked.o ABSOLUTE
    ../clib/stdio.c                          0x00000000   Number         0  fopen.o ABSOLUTE
    ../clib/stdlib.c                         0x00000000   Number         0  exit.o ABSOLUTE
    ../clib/string.c                         0x00000000   Number         0  strlen.o ABSOLUTE
    ../clib/string.c                         0x00000000   Number         0  memcmp.o ABSOLUTE
    ../clib/wchar.c                          0x00000000   Number         0  flsbuf_fwide.o ABSOLUTE
    ../fplib/fpinit.s                        0x00000000   Number         0  fpinit.o ABSOLUTE
    ..\CANOpen\driver\Testmaster.c           0x00000000   Number         0  testmaster.o ABSOLUTE
    ..\CANOpen\driver\Testslave.c            0x00000000   Number         0  testslave.o ABSOLUTE
    ..\CANOpen\driver\stm32_canfestvial.c    0x00000000   Number         0  stm32_canfestvial.o ABSOLUTE
    ..\CANOpen\src\dcf.c                     0x00000000   Number         0  dcf.o ABSOLUTE
    ..\CANOpen\src\emcy.c                    0x00000000   Number         0  emcy.o ABSOLUTE
    ..\CANOpen\src\lifegrd.c                 0x00000000   Number         0  lifegrd.o ABSOLUTE
    ..\CANOpen\src\lss.c                     0x00000000   Number         0  lss.o ABSOLUTE
    ..\CANOpen\src\nmtMaster.c               0x00000000   Number         0  nmtmaster.o ABSOLUTE
    ..\CANOpen\src\nmtSlave.c                0x00000000   Number         0  nmtslave.o ABSOLUTE
    ..\CANOpen\src\objacces.c                0x00000000   Number         0  objacces.o ABSOLUTE
    ..\CANOpen\src\pdo.c                     0x00000000   Number         0  pdo.o ABSOLUTE
    ..\CANOpen\src\sdo.c                     0x00000000   Number         0  sdo.o ABSOLUTE
    ..\CANOpen\src\states.c                  0x00000000   Number         0  states.o ABSOLUTE
    ..\CANOpen\src\sync.c                    0x00000000   Number         0  sync.o ABSOLUTE
    ..\CANOpen\src\timer.c                   0x00000000   Number         0  timer.o ABSOLUTE
    ..\Core\Src\can.c                        0x00000000   Number         0  can.o ABSOLUTE
    ..\Core\Src\gpio.c                       0x00000000   Number         0  gpio.o ABSOLUTE
    ..\Core\Src\main.c                       0x00000000   Number         0  main.o ABSOLUTE
    ..\Core\Src\stm32f4xx_hal_msp.c          0x00000000   Number         0  stm32f4xx_hal_msp.o ABSOLUTE
    ..\Core\Src\stm32f4xx_hal_timebase_tim.c 0x00000000   Number         0  stm32f4xx_hal_timebase_tim.o ABSOLUTE
    ..\Core\Src\stm32f4xx_it.c               0x00000000   Number         0  stm32f4xx_it.o ABSOLUTE
    ..\Core\Src\system_stm32f4xx.c           0x00000000   Number         0  system_stm32f4xx.o ABSOLUTE
    ..\Drivers\STM32F4xx_HAL_Driver\Src\stm32f4xx_hal.c 0x00000000   Number         0  stm32f4xx_hal.o ABSOLUTE
    ..\Drivers\STM32F4xx_HAL_Driver\Src\stm32f4xx_hal_can.c 0x00000000   Number         0  stm32f4xx_hal_can.o ABSOLUTE
    ..\Drivers\STM32F4xx_HAL_Driver\Src\stm32f4xx_hal_cortex.c 0x00000000   Number         0  stm32f4xx_hal_cortex.o ABSOLUTE
    ..\Drivers\STM32F4xx_HAL_Driver\Src\stm32f4xx_hal_dma.c 0x00000000   Number         0  stm32f4xx_hal_dma.o ABSOLUTE
    ..\Drivers\STM32F4xx_HAL_Driver\Src\stm32f4xx_hal_dma_ex.c 0x00000000   Number         0  stm32f4xx_hal_dma_ex.o ABSOLUTE
    ..\Drivers\STM32F4xx_HAL_Driver\Src\stm32f4xx_hal_exti.c 0x00000000   Number         0  stm32f4xx_hal_exti.o ABSOLUTE
    ..\Drivers\STM32F4xx_HAL_Driver\Src\stm32f4xx_hal_flash.c 0x00000000   Number         0  stm32f4xx_hal_flash.o ABSOLUTE
    ..\Drivers\STM32F4xx_HAL_Driver\Src\stm32f4xx_hal_flash_ex.c 0x00000000   Number         0  stm32f4xx_hal_flash_ex.o ABSOLUTE
    ..\Drivers\STM32F4xx_HAL_Driver\Src\stm32f4xx_hal_flash_ramfunc.c 0x00000000   Number         0  stm32f4xx_hal_flash_ramfunc.o ABSOLUTE
    ..\Drivers\STM32F4xx_HAL_Driver\Src\stm32f4xx_hal_gpio.c 0x00000000   Number         0  stm32f4xx_hal_gpio.o ABSOLUTE
    ..\Drivers\STM32F4xx_HAL_Driver\Src\stm32f4xx_hal_pwr.c 0x00000000   Number         0  stm32f4xx_hal_pwr.o ABSOLUTE
    ..\Drivers\STM32F4xx_HAL_Driver\Src\stm32f4xx_hal_pwr_ex.c 0x00000000   Number         0  stm32f4xx_hal_pwr_ex.o ABSOLUTE
    ..\Drivers\STM32F4xx_HAL_Driver\Src\stm32f4xx_hal_rcc.c 0x00000000   Number         0  stm32f4xx_hal_rcc.o ABSOLUTE
    ..\Drivers\STM32F4xx_HAL_Driver\Src\stm32f4xx_hal_rcc_ex.c 0x00000000   Number         0  stm32f4xx_hal_rcc_ex.o ABSOLUTE
    ..\Drivers\STM32F4xx_HAL_Driver\Src\stm32f4xx_hal_tim.c 0x00000000   Number         0  stm32f4xx_hal_tim.o ABSOLUTE
    ..\Drivers\STM32F4xx_HAL_Driver\Src\stm32f4xx_hal_tim_ex.c 0x00000000   Number         0  stm32f4xx_hal_tim_ex.o ABSOLUTE
    dc.s                                     0x00000000   Number         0  dc.o ABSOLUTE
    startup_stm32f407xx.s                    0x00000000   Number         0  startup_stm32f407xx.o ABSOLUTE
    RESET                                    0x08000000   Section      392  startup_stm32f407xx.o(RESET)
    !!!main                                  0x08000188   Section        8  __main.o(!!!main)
    !!!scatter                               0x08000190   Section       52  __scatter.o(!!!scatter)
    !!handler_copy                           0x080001c4   Section       26  __scatter_copy.o(!!handler_copy)
    !!handler_zi                             0x080001e0   Section       28  __scatter_zi.o(!!handler_zi)
    .ARM.Collect$$libinit$$00000000          0x080001fc   Section        2  libinit.o(.ARM.Collect$$libinit$$00000000)
    .ARM.Collect$$libinit$$00000001          0x080001fe   Section        4  libinit2.o(.ARM.Collect$$libinit$$00000001)
    .ARM.Collect$$libinit$$00000004          0x08000202   Section        0  libinit2.o(.ARM.Collect$$libinit$$00000004)
    .ARM.Collect$$libinit$$00000005          0x08000202   Section        8  libinit2.o(.ARM.Collect$$libinit$$00000005)
    .ARM.Collect$$libinit$$0000000A          0x0800020a   Section        0  libinit2.o(.ARM.Collect$$libinit$$0000000A)
    .ARM.Collect$$libinit$$0000000C          0x0800020a   Section        0  libinit2.o(.ARM.Collect$$libinit$$0000000C)
    .ARM.Collect$$libinit$$0000000E          0x0800020a   Section        0  libinit2.o(.ARM.Collect$$libinit$$0000000E)
    .ARM.Collect$$libinit$$00000011          0x0800020a   Section        0  libinit2.o(.ARM.Collect$$libinit$$00000011)
    .ARM.Collect$$libinit$$00000013          0x0800020a   Section        0  libinit2.o(.ARM.Collect$$libinit$$00000013)
    .ARM.Collect$$libinit$$00000015          0x0800020a   Section        0  libinit2.o(.ARM.Collect$$libinit$$00000015)
    .ARM.Collect$$libinit$$00000017          0x0800020a   Section        0  libinit2.o(.ARM.Collect$$libinit$$00000017)
    .ARM.Collect$$libinit$$00000019          0x0800020a   Section        0  libinit2.o(.ARM.Collect$$libinit$$00000019)
    .ARM.Collect$$libinit$$0000001B          0x0800020a   Section        0  libinit2.o(.ARM.Collect$$libinit$$0000001B)
    .ARM.Collect$$libinit$$0000001D          0x0800020a   Section        0  libinit2.o(.ARM.Collect$$libinit$$0000001D)
    .ARM.Collect$$libinit$$0000001F          0x0800020a   Section        0  libinit2.o(.ARM.Collect$$libinit$$0000001F)
    .ARM.Collect$$libinit$$00000021          0x0800020a   Section        0  libinit2.o(.ARM.Collect$$libinit$$00000021)
    .ARM.Collect$$libinit$$00000023          0x0800020a   Section        0  libinit2.o(.ARM.Collect$$libinit$$00000023)
    .ARM.Collect$$libinit$$00000024          0x0800020a   Section        4  libinit2.o(.ARM.Collect$$libinit$$00000024)
    .ARM.Collect$$libinit$$00000025          0x0800020e   Section        0  libinit2.o(.ARM.Collect$$libinit$$00000025)
    .ARM.Collect$$libinit$$0000002C          0x0800020e   Section        0  libinit2.o(.ARM.Collect$$libinit$$0000002C)
    .ARM.Collect$$libinit$$0000002E          0x0800020e   Section        0  libinit2.o(.ARM.Collect$$libinit$$0000002E)
    .ARM.Collect$$libinit$$00000030          0x0800020e   Section        0  libinit2.o(.ARM.Collect$$libinit$$00000030)
    .ARM.Collect$$libinit$$00000032          0x0800020e   Section        0  libinit2.o(.ARM.Collect$$libinit$$00000032)
    .ARM.Collect$$libinit$$00000033          0x0800020e   Section        2  libinit2.o(.ARM.Collect$$libinit$$00000033)
    .ARM.Collect$$libshutdown$$00000000      0x08000210   Section        2  libshutdown.o(.ARM.Collect$$libshutdown$$00000000)
    .ARM.Collect$$libshutdown$$00000002      0x08000212   Section        0  libshutdown2.o(.ARM.Collect$$libshutdown$$00000002)
    .ARM.Collect$$libshutdown$$00000003      0x08000212   Section        4  libshutdown2.o(.ARM.Collect$$libshutdown$$00000003)
    .ARM.Collect$$libshutdown$$00000004      0x08000216   Section        0  libshutdown2.o(.ARM.Collect$$libshutdown$$00000004)
    .ARM.Collect$$libshutdown$$00000007      0x08000216   Section        0  libshutdown2.o(.ARM.Collect$$libshutdown$$00000007)
    .ARM.Collect$$libshutdown$$0000000A      0x08000216   Section        0  libshutdown2.o(.ARM.Collect$$libshutdown$$0000000A)
    .ARM.Collect$$libshutdown$$0000000C      0x08000216   Section        0  libshutdown2.o(.ARM.Collect$$libshutdown$$0000000C)
    .ARM.Collect$$libshutdown$$0000000F      0x08000216   Section        0  libshutdown2.o(.ARM.Collect$$libshutdown$$0000000F)
    .ARM.Collect$$libshutdown$$00000010      0x08000216   Section        2  libshutdown2.o(.ARM.Collect$$libshutdown$$00000010)
    .ARM.Collect$$rtentry$$00000000          0x08000218   Section        0  __rtentry.o(.ARM.Collect$$rtentry$$00000000)
    .ARM.Collect$$rtentry$$00000002          0x08000218   Section        0  __rtentry2.o(.ARM.Collect$$rtentry$$00000002)
    .ARM.Collect$$rtentry$$00000004          0x08000218   Section        6  __rtentry4.o(.ARM.Collect$$rtentry$$00000004)
    .ARM.Collect$$rtentry$$00000009          0x0800021e   Section        0  __rtentry2.o(.ARM.Collect$$rtentry$$00000009)
    .ARM.Collect$$rtentry$$0000000A          0x0800021e   Section        4  __rtentry2.o(.ARM.Collect$$rtentry$$0000000A)
    .ARM.Collect$$rtentry$$0000000C          0x08000222   Section        0  __rtentry2.o(.ARM.Collect$$rtentry$$0000000C)
    .ARM.Collect$$rtentry$$0000000D          0x08000222   Section        8  __rtentry2.o(.ARM.Collect$$rtentry$$0000000D)
    .ARM.Collect$$rtexit$$00000000           0x0800022a   Section        2  rtexit.o(.ARM.Collect$$rtexit$$00000000)
    .ARM.Collect$$rtexit$$00000002           0x0800022c   Section        0  rtexit2.o(.ARM.Collect$$rtexit$$00000002)
    .ARM.Collect$$rtexit$$00000003           0x0800022c   Section        4  rtexit2.o(.ARM.Collect$$rtexit$$00000003)
    .ARM.Collect$$rtexit$$00000004           0x08000230   Section        6  rtexit2.o(.ARM.Collect$$rtexit$$00000004)
    .emb_text                                0x08000238   Section        0  maybetermalloc1.o(.emb_text)
    .text                                    0x08000238   Section       64  startup_stm32f407xx.o(.text)
    $v0                                      0x08000238   Number         0  startup_stm32f407xx.o(.text)
    .text                                    0x08000278   Section      238  lludivv7m.o(.text)
    .text                                    0x08000368   Section        0  noretval__2printf.o(.text)
    .text                                    0x08000380   Section       78  rt_memclr_w.o(.text)
    .text                                    0x080003ce   Section        0  heapauxi.o(.text)
    .text                                    0x080003d4   Section        0  _printf_char_file.o(.text)
    .text                                    0x080003f8   Section        0  _printf_char_common.o(.text)
    _printf_input_char                       0x080003f9   Thumb Code    10  _printf_char_common.o(.text)
    .text                                    0x08000428   Section        0  ferror.o(.text)
    .text                                    0x08000430   Section        0  initio.o(.text)
    .text                                    0x08000568   Section        0  sys_io.o(.text)
    .text                                    0x080005ce   Section       74  sys_stackheap_outer.o(.text)
    .text                                    0x08000618   Section        0  h1_free.o(.text)
    .text                                    0x08000666   Section        0  __printf_nopercent.o(.text)
    .text                                    0x0800068e   Section        0  flsbuf.o(.text)
    .text                                    0x08000864   Section        0  setvbuf.o(.text)
    .text                                    0x080008ac   Section        0  fopen.o(.text)
    _freopen_locked                          0x080008ad   Thumb Code     0  fopen.o(.text)
    .text                                    0x08000998   Section        0  fclose.o(.text)
    .text                                    0x080009e4   Section        0  exit.o(.text)
    .text                                    0x080009f6   Section        0  defsig_rtred_outer.o(.text)
    .text                                    0x08000a04   Section        8  libspace.o(.text)
    .text                                    0x08000a0c   Section        2  use_no_semi.o(.text)
    .text                                    0x08000a0e   Section        0  indicate_semi.o(.text)
    .text                                    0x08000a10   Section        8  rt_heap_descriptor_intlibspace.o(.text)
    .text                                    0x08000a18   Section        0  hguard.o(.text)
    .text                                    0x08000a1c   Section        0  init_alloc.o(.text)
    .text                                    0x08000aa6   Section        0  h1_alloc.o(.text)
    .text                                    0x08000b04   Section        0  fseek.o(.text)
    .text                                    0x08000bfc   Section        0  stdio.o(.text)
    .text                                    0x08000cec   Section        0  defsig_exit.o(.text)
    .text                                    0x08000cf8   Section        0  defsig_rtred_inner.o(.text)
    .text                                    0x08000d2c   Section        0  strlen.o(.text)
    .text                                    0x08000d6c   Section        0  sys_exit.o(.text)
    .text                                    0x08000d78   Section        0  h1_init.o(.text)
    .text                                    0x08000d86   Section        0  h1_extend.o(.text)
    .text                                    0x08000dba   Section        0  ftell.o(.text)
    .text                                    0x08000dfc   Section        0  defsig_general.o(.text)
    .text                                    0x08000e2e   Section        0  defsig_rtmem_outer.o(.text)
    .text                                    0x08000e3c   Section        0  sys_wrch.o(.text)
    .text                                    0x08000e4c   Section        8  rt_errno_addr_intlibspace.o(.text)
    .text                                    0x08000e54   Section        0  defsig_rtmem_inner.o(.text)
    i.BusFault_Handler                       0x08000ea4   Section        0  stm32f4xx_it.o(i.BusFault_Handler)
    i.CAN1_RX0_IRQHandler                    0x08000ea8   Section        0  stm32f4xx_it.o(i.CAN1_RX0_IRQHandler)
    i.CAN2_RX0_IRQHandler                    0x08000eb4   Section        0  stm32f4xx_it.o(i.CAN2_RX0_IRQHandler)
    i.CAN_TRANSMIT1                          0x08000ec0   Section        0  can.o(i.CAN_TRANSMIT1)
    i.CAN_TRANSMIT2                          0x08000f1c   Section        0  can.o(i.CAN_TRANSMIT2)
    i.DebugMon_Handler                       0x08000f78   Section        0  stm32f4xx_it.o(i.DebugMon_Handler)
    i.Error_Handler                          0x08000f7a   Section        0  main.o(i.Error_Handler)
    i.HAL_CAN_ActivateNotification           0x08000f7e   Section        0  stm32f4xx_hal_can.o(i.HAL_CAN_ActivateNotification)
    i.HAL_CAN_AddTxMessage                   0x08000fa2   Section        0  stm32f4xx_hal_can.o(i.HAL_CAN_AddTxMessage)
    i.HAL_CAN_ConfigFilter                   0x0800106c   Section        0  stm32f4xx_hal_can.o(i.HAL_CAN_ConfigFilter)
    i.HAL_CAN_ErrorCallback                  0x08001178   Section        0  stm32f4xx_hal_can.o(i.HAL_CAN_ErrorCallback)
    i.HAL_CAN_IRQHandler                     0x0800117a   Section        0  stm32f4xx_hal_can.o(i.HAL_CAN_IRQHandler)
    i.HAL_CAN_Init                           0x08001376   Section        0  stm32f4xx_hal_can.o(i.HAL_CAN_Init)
    i.HAL_CAN_MspInit                        0x08001490   Section        0  can.o(i.HAL_CAN_MspInit)
    i.HAL_CAN_RxFifo0FullCallback            0x08001590   Section        0  stm32f4xx_hal_can.o(i.HAL_CAN_RxFifo0FullCallback)
    i.HAL_CAN_RxFifo0MsgPendingCallback      0x08001592   Section        0  stm32f4xx_hal_can.o(i.HAL_CAN_RxFifo0MsgPendingCallback)
    i.HAL_CAN_RxFifo1FullCallback            0x08001594   Section        0  stm32f4xx_hal_can.o(i.HAL_CAN_RxFifo1FullCallback)
    i.HAL_CAN_RxFifo1MsgPendingCallback      0x08001596   Section        0  stm32f4xx_hal_can.o(i.HAL_CAN_RxFifo1MsgPendingCallback)
    i.HAL_CAN_SleepCallback                  0x08001598   Section        0  stm32f4xx_hal_can.o(i.HAL_CAN_SleepCallback)
    i.HAL_CAN_Start                          0x0800159c   Section        0  stm32f4xx_hal_can.o(i.HAL_CAN_Start)
    i.HAL_CAN_TxMailbox0AbortCallback        0x080015f4   Section        0  stm32f4xx_hal_can.o(i.HAL_CAN_TxMailbox0AbortCallback)
    i.HAL_CAN_TxMailbox0CompleteCallback     0x080015f6   Section        0  stm32f4xx_hal_can.o(i.HAL_CAN_TxMailbox0CompleteCallback)
    i.HAL_CAN_TxMailbox1AbortCallback        0x080015f8   Section        0  stm32f4xx_hal_can.o(i.HAL_CAN_TxMailbox1AbortCallback)
    i.HAL_CAN_TxMailbox1CompleteCallback     0x080015fa   Section        0  stm32f4xx_hal_can.o(i.HAL_CAN_TxMailbox1CompleteCallback)
    i.HAL_CAN_TxMailbox2AbortCallback        0x080015fc   Section        0  stm32f4xx_hal_can.o(i.HAL_CAN_TxMailbox2AbortCallback)
    i.HAL_CAN_TxMailbox2CompleteCallback     0x080015fe   Section        0  stm32f4xx_hal_can.o(i.HAL_CAN_TxMailbox2CompleteCallback)
    i.HAL_CAN_WakeUpFromRxMsgCallback        0x08001600   Section        0  stm32f4xx_hal_can.o(i.HAL_CAN_WakeUpFromRxMsgCallback)
    i.HAL_Delay                              0x08001604   Section        0  stm32f4xx_hal.o(i.HAL_Delay)
    i.HAL_GPIO_Init                          0x08001628   Section        0  stm32f4xx_hal_gpio.o(i.HAL_GPIO_Init)
    i.HAL_GPIO_WritePin                      0x08001818   Section        0  stm32f4xx_hal_gpio.o(i.HAL_GPIO_WritePin)
    i.HAL_GetTick                            0x08001824   Section        0  stm32f4xx_hal.o(i.HAL_GetTick)
    i.HAL_IncTick                            0x08001830   Section        0  stm32f4xx_hal.o(i.HAL_IncTick)
    i.HAL_Init                               0x08001840   Section        0  stm32f4xx_hal.o(i.HAL_Init)
    i.HAL_InitTick                           0x08001874   Section        0  stm32f4xx_hal_timebase_tim.o(i.HAL_InitTick)
    i.HAL_MspInit                            0x080018e8   Section        0  stm32f4xx_hal_msp.o(i.HAL_MspInit)
    i.HAL_NVIC_EnableIRQ                     0x08001918   Section        0  stm32f4xx_hal_cortex.o(i.HAL_NVIC_EnableIRQ)
    i.HAL_NVIC_SetPriority                   0x08001934   Section        0  stm32f4xx_hal_cortex.o(i.HAL_NVIC_SetPriority)
    i.HAL_NVIC_SetPriorityGrouping           0x08001974   Section        0  stm32f4xx_hal_cortex.o(i.HAL_NVIC_SetPriorityGrouping)
    i.HAL_RCC_ClockConfig                    0x08001998   Section        0  stm32f4xx_hal_rcc.o(i.HAL_RCC_ClockConfig)
    i.HAL_RCC_GetClockConfig                 0x08001acc   Section        0  stm32f4xx_hal_rcc.o(i.HAL_RCC_GetClockConfig)
    i.HAL_RCC_GetPCLK2Freq                   0x08001b0c   Section        0  stm32f4xx_hal_rcc.o(i.HAL_RCC_GetPCLK2Freq)
    i.HAL_RCC_GetSysClockFreq                0x08001b2c   Section        0  stm32f4xx_hal_rcc.o(i.HAL_RCC_GetSysClockFreq)
    i.HAL_RCC_OscConfig                      0x08001b8c   Section        0  stm32f4xx_hal_rcc.o(i.HAL_RCC_OscConfig)
    i.HAL_TIMEx_BreakCallback                0x08001ef8   Section        0  stm32f4xx_hal_tim_ex.o(i.HAL_TIMEx_BreakCallback)
    i.HAL_TIMEx_CommutCallback               0x08001efa   Section        0  stm32f4xx_hal_tim_ex.o(i.HAL_TIMEx_CommutCallback)
    i.HAL_TIM_Base_Init                      0x08001efc   Section        0  stm32f4xx_hal_tim.o(i.HAL_TIM_Base_Init)
    i.HAL_TIM_Base_MspInit                   0x08001f56   Section        0  stm32f4xx_hal_tim.o(i.HAL_TIM_Base_MspInit)
    i.HAL_TIM_Base_Start_IT                  0x08001f58   Section        0  stm32f4xx_hal_tim.o(i.HAL_TIM_Base_Start_IT)
    i.HAL_TIM_IC_CaptureCallback             0x08001fd8   Section        0  stm32f4xx_hal_tim.o(i.HAL_TIM_IC_CaptureCallback)
    i.HAL_TIM_IRQHandler                     0x08001fda   Section        0  stm32f4xx_hal_tim.o(i.HAL_TIM_IRQHandler)
    i.HAL_TIM_OC_DelayElapsedCallback        0x08002140   Section        0  stm32f4xx_hal_tim.o(i.HAL_TIM_OC_DelayElapsedCallback)
    i.HAL_TIM_PWM_PulseFinishedCallback      0x08002142   Section        0  stm32f4xx_hal_tim.o(i.HAL_TIM_PWM_PulseFinishedCallback)
    i.HAL_TIM_PeriodElapsedCallback          0x08002144   Section        0  main.o(i.HAL_TIM_PeriodElapsedCallback)
    i.HAL_TIM_TriggerCallback                0x08002158   Section        0  stm32f4xx_hal_tim.o(i.HAL_TIM_TriggerCallback)
    i.HardFault_Handler                      0x0800215a   Section        0  stm32f4xx_it.o(i.HardFault_Handler)
    i.MX_CAN1_Init                           0x0800215c   Section        0  can.o(i.MX_CAN1_Init)
    i.MX_CAN2_Init                           0x08002210   Section        0  can.o(i.MX_CAN2_Init)
    i.MX_GPIO_Init                           0x08002280   Section        0  gpio.o(i.MX_GPIO_Init)
    i.MemManage_Handler                      0x080022fc   Section        0  stm32f4xx_it.o(i.MemManage_Handler)
    i.NMI_Handler                            0x080022fe   Section        0  stm32f4xx_it.o(i.NMI_Handler)
    i.PendSV_Handler                         0x08002300   Section        0  stm32f4xx_it.o(i.PendSV_Handler)
    i.SVC_Handler                            0x08002302   Section        0  stm32f4xx_it.o(i.SVC_Handler)
    i.SysTick_Handler                        0x08002304   Section        0  stm32f4xx_it.o(i.SysTick_Handler)
    i.SystemClock_Config                     0x08002308   Section        0  main.o(i.SystemClock_Config)
    i.SystemInit                             0x0800239c   Section        0  system_stm32f4xx.o(i.SystemInit)
    i.TIM1_UP_TIM10_IRQHandler               0x080023ac   Section        0  stm32f4xx_it.o(i.TIM1_UP_TIM10_IRQHandler)
    i.TIM_Base_SetConfig                     0x080023b8   Section        0  stm32f4xx_hal_tim.o(i.TIM_Base_SetConfig)
    i.UsageFault_Handler                     0x08002480   Section        0  stm32f4xx_it.o(i.UsageFault_Handler)
    i.__NVIC_SetPriority                     0x08002482   Section        0  stm32f4xx_hal_cortex.o(i.__NVIC_SetPriority)
    __NVIC_SetPriority                       0x08002483   Thumb Code    32  stm32f4xx_hal_cortex.o(i.__NVIC_SetPriority)
    i.fputc                                  0x080024a2   Section        0  fputc.o(i.fputc)
    i.main                                   0x080024bc   Section        0  main.o(i.main)
    x$fpl$fpinit                             0x080024f0   Section       10  fpinit.o(x$fpl$fpinit)
    $v0                                      0x080024f0   Number         0  fpinit.o(x$fpl$fpinit)
    .constdata                               0x080024fa   Section       16  system_stm32f4xx.o(.constdata)
    .constdata                               0x0800250a   Section        8  system_stm32f4xx.o(.constdata)
    .constdata                               0x08002512   Section        4  sys_io.o(.constdata)
    .constdata                               0x08002516   Section        4  sys_io.o(.constdata)
    .constdata                               0x0800251a   Section        4  sys_io.o(.constdata)
    .data                                    0x20000000   Section        4  can.o(.data)
    HAL_RCC_CAN1_CLK_ENABLED                 0x20000000   Data           4  can.o(.data)
    .data                                    0x20000004   Section       12  stm32f4xx_hal.o(.data)
    .data                                    0x20000010   Section        4  system_stm32f4xx.o(.data)
    .data                                    0x20000014   Section        4  stdio_streams.o(.data)
    .data                                    0x20000018   Section        4  stdio_streams.o(.data)
    .data                                    0x2000001c   Section        4  stdio_streams.o(.data)
    .bss                                     0x20000020   Section      128  can.o(.bss)
    .bss                                     0x200000a0   Section       72  stm32f4xx_hal_timebase_tim.o(.bss)
    .bss                                     0x200000e8   Section       84  stdio_streams.o(.bss)
    .bss                                     0x2000013c   Section       84  stdio_streams.o(.bss)
    .bss                                     0x20000190   Section       84  stdio_streams.o(.bss)
    .bss                                     0x200001e4   Section       96  libspace.o(.bss)
    HEAP                                     0x20000248   Section      512  startup_stm32f407xx.o(HEAP)
    Heap_Mem                                 0x20000248   Data         512  startup_stm32f407xx.o(HEAP)
    STACK                                    0x20000448   Section     1024  startup_stm32f407xx.o(STACK)
    Stack_Mem                                0x20000448   Data        1024  startup_stm32f407xx.o(STACK)
    __initial_sp                             0x20000848   Data           0  startup_stm32f407xx.o(STACK)

    Global Symbols

    Symbol Name                              Value     Ov Type        Size  Object(Section)

    BuildAttributes$$THM_ISAv4$E$P$D$K$B$S$7EM$VFPi3$EXTD16$VFPS$VFMA$PE$A:L22UL41UL21$X:L11$S22US41US21$IEEE1$IW$USESV6$~STKCKD$USESV7$~SHL$OTIME$ROPI$EBA8$UX$STANDARDLIB$REQ8$PRES8$EABIv2 0x00000000   Number         0  anon$$obj.o ABSOLUTE
    __ARM_use_no_argv                        0x00000000   Number         0  main.o ABSOLUTE
    __ARM_exceptions_init                     - Undefined Weak Reference
    __alloca_initialize                       - Undefined Weak Reference
    __arm_preinit_                            - Undefined Weak Reference
    __cpp_initialize__aeabi_                  - Undefined Weak Reference
    __cxa_finalize                            - Undefined Weak Reference
    __rt_locale                               - Undefined Weak Reference
    __sigvec_lookup                           - Undefined Weak Reference
    __user_heap_extent                        - Undefined Weak Reference
    _atexit_init                              - Undefined Weak Reference
    _call_atexit_fns                          - Undefined Weak Reference
    _clock_init                               - Undefined Weak Reference
    _fp_trap_init                             - Undefined Weak Reference
    _fp_trap_shutdown                         - Undefined Weak Reference
    _get_lc_collate                           - Undefined Weak Reference
    _get_lc_ctype                             - Undefined Weak Reference
    _get_lc_monetary                          - Undefined Weak Reference
    _get_lc_numeric                           - Undefined Weak Reference
    _get_lc_time                              - Undefined Weak Reference
    _getenv_init                              - Undefined Weak Reference
    _handle_redirection                       - Undefined Weak Reference
    _mutex_acquire                            - Undefined Weak Reference
    _mutex_free                               - Undefined Weak Reference
    _mutex_release                            - Undefined Weak Reference
    _rand_init                                - Undefined Weak Reference
    _signal_finish                            - Undefined Weak Reference
    _signal_init                              - Undefined Weak Reference
    __Vectors_Size                           0x00000188   Number         0  startup_stm32f407xx.o ABSOLUTE
    __Vectors                                0x08000000   Data           4  startup_stm32f407xx.o(RESET)
    __Vectors_End                            0x08000188   Data           0  startup_stm32f407xx.o(RESET)
    __main                                   0x08000189   Thumb Code     8  __main.o(!!!main)
    __scatterload                            0x08000191   Thumb Code     0  __scatter.o(!!!scatter)
    __scatterload_rt2                        0x08000191   Thumb Code    44  __scatter.o(!!!scatter)
    __scatterload_rt2_thumb_only             0x08000191   Thumb Code     0  __scatter.o(!!!scatter)
    __scatterload_null                       0x0800019f   Thumb Code     0  __scatter.o(!!!scatter)
    __scatterload_copy                       0x080001c5   Thumb Code    26  __scatter_copy.o(!!handler_copy)
    __scatterload_zeroinit                   0x080001e1   Thumb Code    28  __scatter_zi.o(!!handler_zi)
    __rt_lib_init                            0x080001fd   Thumb Code     0  libinit.o(.ARM.Collect$$libinit$$00000000)
    __rt_lib_init_fp_1                       0x080001ff   Thumb Code     0  libinit2.o(.ARM.Collect$$libinit$$00000001)
    __rt_lib_init_heap_2                     0x08000203   Thumb Code     0  libinit2.o(.ARM.Collect$$libinit$$00000005)
    __rt_lib_init_preinit_1                  0x08000203   Thumb Code     0  libinit2.o(.ARM.Collect$$libinit$$00000004)
    __rt_lib_init_atexit_1                   0x0800020b   Thumb Code     0  libinit2.o(.ARM.Collect$$libinit$$0000001B)
    __rt_lib_init_clock_1                    0x0800020b   Thumb Code     0  libinit2.o(.ARM.Collect$$libinit$$00000021)
    __rt_lib_init_fp_trap_1                  0x0800020b   Thumb Code     0  libinit2.o(.ARM.Collect$$libinit$$0000001F)
    __rt_lib_init_getenv_1                   0x0800020b   Thumb Code     0  libinit2.o(.ARM.Collect$$libinit$$00000023)
    __rt_lib_init_heap_1                     0x0800020b   Thumb Code     0  libinit2.o(.ARM.Collect$$libinit$$0000000A)
    __rt_lib_init_lc_collate_1               0x0800020b   Thumb Code     0  libinit2.o(.ARM.Collect$$libinit$$00000011)
    __rt_lib_init_lc_ctype_1                 0x0800020b   Thumb Code     0  libinit2.o(.ARM.Collect$$libinit$$00000013)
    __rt_lib_init_lc_monetary_1              0x0800020b   Thumb Code     0  libinit2.o(.ARM.Collect$$libinit$$00000015)
    __rt_lib_init_lc_numeric_1               0x0800020b   Thumb Code     0  libinit2.o(.ARM.Collect$$libinit$$00000017)
    __rt_lib_init_lc_time_1                  0x0800020b   Thumb Code     0  libinit2.o(.ARM.Collect$$libinit$$00000019)
    __rt_lib_init_rand_1                     0x0800020b   Thumb Code     0  libinit2.o(.ARM.Collect$$libinit$$0000000E)
    __rt_lib_init_signal_1                   0x0800020b   Thumb Code     0  libinit2.o(.ARM.Collect$$libinit$$0000001D)
    __rt_lib_init_stdio_2                    0x0800020b   Thumb Code     0  libinit2.o(.ARM.Collect$$libinit$$00000024)
    __rt_lib_init_user_alloc_1               0x0800020b   Thumb Code     0  libinit2.o(.ARM.Collect$$libinit$$0000000C)
    __rt_lib_init_alloca_1                   0x0800020f   Thumb Code     0  libinit2.o(.ARM.Collect$$libinit$$0000002E)
    __rt_lib_init_argv_1                     0x0800020f   Thumb Code     0  libinit2.o(.ARM.Collect$$libinit$$0000002C)
    __rt_lib_init_cpp_1                      0x0800020f   Thumb Code     0  libinit2.o(.ARM.Collect$$libinit$$00000032)
    __rt_lib_init_exceptions_1               0x0800020f   Thumb Code     0  libinit2.o(.ARM.Collect$$libinit$$00000030)
    __rt_lib_init_return                     0x0800020f   Thumb Code     0  libinit2.o(.ARM.Collect$$libinit$$00000033)
    __rt_lib_init_stdio_1                    0x0800020f   Thumb Code     0  libinit2.o(.ARM.Collect$$libinit$$00000025)
    __rt_lib_shutdown                        0x08000211   Thumb Code     0  libshutdown.o(.ARM.Collect$$libshutdown$$00000000)
    __rt_lib_shutdown_cpp_1                  0x08000213   Thumb Code     0  libshutdown2.o(.ARM.Collect$$libshutdown$$00000002)
    __rt_lib_shutdown_stdio_2                0x08000213   Thumb Code     0  libshutdown2.o(.ARM.Collect$$libshutdown$$00000003)
    __rt_lib_shutdown_fp_trap_1              0x08000217   Thumb Code     0  libshutdown2.o(.ARM.Collect$$libshutdown$$00000007)
    __rt_lib_shutdown_heap_1                 0x08000217   Thumb Code     0  libshutdown2.o(.ARM.Collect$$libshutdown$$0000000F)
    __rt_lib_shutdown_return                 0x08000217   Thumb Code     0  libshutdown2.o(.ARM.Collect$$libshutdown$$00000010)
    __rt_lib_shutdown_signal_1               0x08000217   Thumb Code     0  libshutdown2.o(.ARM.Collect$$libshutdown$$0000000A)
    __rt_lib_shutdown_stdio_1                0x08000217   Thumb Code     0  libshutdown2.o(.ARM.Collect$$libshutdown$$00000004)
    __rt_lib_shutdown_user_alloc_1           0x08000217   Thumb Code     0  libshutdown2.o(.ARM.Collect$$libshutdown$$0000000C)
    __rt_entry                               0x08000219   Thumb Code     0  __rtentry.o(.ARM.Collect$$rtentry$$00000000)
    __rt_entry_presh_1                       0x08000219   Thumb Code     0  __rtentry2.o(.ARM.Collect$$rtentry$$00000002)
    __rt_entry_sh                            0x08000219   Thumb Code     0  __rtentry4.o(.ARM.Collect$$rtentry$$00000004)
    __rt_entry_li                            0x0800021f   Thumb Code     0  __rtentry2.o(.ARM.Collect$$rtentry$$0000000A)
    __rt_entry_postsh_1                      0x0800021f   Thumb Code     0  __rtentry2.o(.ARM.Collect$$rtentry$$00000009)
    __rt_entry_main                          0x08000223   Thumb Code     0  __rtentry2.o(.ARM.Collect$$rtentry$$0000000D)
    __rt_entry_postli_1                      0x08000223   Thumb Code     0  __rtentry2.o(.ARM.Collect$$rtentry$$0000000C)
    __rt_exit                                0x0800022b   Thumb Code     0  rtexit.o(.ARM.Collect$$rtexit$$00000000)
    __rt_exit_ls                             0x0800022d   Thumb Code     0  rtexit2.o(.ARM.Collect$$rtexit$$00000003)
    __rt_exit_prels_1                        0x0800022d   Thumb Code     0  rtexit2.o(.ARM.Collect$$rtexit$$00000002)
    __rt_exit_exit                           0x08000231   Thumb Code     0  rtexit2.o(.ARM.Collect$$rtexit$$00000004)
    Reset_Handler                            0x08000239   Thumb Code     8  startup_stm32f407xx.o(.text)
    _maybe_terminate_alloc                   0x08000239   Thumb Code     0  maybetermalloc1.o(.emb_text)
    ADC_IRQHandler                           0x08000253   Thumb Code     0  startup_stm32f407xx.o(.text)
    CAN1_RX1_IRQHandler                      0x08000253   Thumb Code     0  startup_stm32f407xx.o(.text)
    CAN1_SCE_IRQHandler                      0x08000253   Thumb Code     0  startup_stm32f407xx.o(.text)
    CAN1_TX_IRQHandler                       0x08000253   Thumb Code     0  startup_stm32f407xx.o(.text)
    CAN2_RX1_IRQHandler                      0x08000253   Thumb Code     0  startup_stm32f407xx.o(.text)
    CAN2_SCE_IRQHandler                      0x08000253   Thumb Code     0  startup_stm32f407xx.o(.text)
    CAN2_TX_IRQHandler                       0x08000253   Thumb Code     0  startup_stm32f407xx.o(.text)
    DCMI_IRQHandler                          0x08000253   Thumb Code     0  startup_stm32f407xx.o(.text)
    DMA1_Stream0_IRQHandler                  0x08000253   Thumb Code     0  startup_stm32f407xx.o(.text)
    DMA1_Stream1_IRQHandler                  0x08000253   Thumb Code     0  startup_stm32f407xx.o(.text)
    DMA1_Stream2_IRQHandler                  0x08000253   Thumb Code     0  startup_stm32f407xx.o(.text)
    DMA1_Stream3_IRQHandler                  0x08000253   Thumb Code     0  startup_stm32f407xx.o(.text)
    DMA1_Stream4_IRQHandler                  0x08000253   Thumb Code     0  startup_stm32f407xx.o(.text)
    DMA1_Stream5_IRQHandler                  0x08000253   Thumb Code     0  startup_stm32f407xx.o(.text)
    DMA1_Stream6_IRQHandler                  0x08000253   Thumb Code     0  startup_stm32f407xx.o(.text)
    DMA1_Stream7_IRQHandler                  0x08000253   Thumb Code     0  startup_stm32f407xx.o(.text)
    DMA2_Stream0_IRQHandler                  0x08000253   Thumb Code     0  startup_stm32f407xx.o(.text)
    DMA2_Stream1_IRQHandler                  0x08000253   Thumb Code     0  startup_stm32f407xx.o(.text)
    DMA2_Stream2_IRQHandler                  0x08000253   Thumb Code     0  startup_stm32f407xx.o(.text)
    DMA2_Stream3_IRQHandler                  0x08000253   Thumb Code     0  startup_stm32f407xx.o(.text)
    DMA2_Stream4_IRQHandler                  0x08000253   Thumb Code     0  startup_stm32f407xx.o(.text)
    DMA2_Stream5_IRQHandler                  0x08000253   Thumb Code     0  startup_stm32f407xx.o(.text)
    DMA2_Stream6_IRQHandler                  0x08000253   Thumb Code     0  startup_stm32f407xx.o(.text)
    DMA2_Stream7_IRQHandler                  0x08000253   Thumb Code     0  startup_stm32f407xx.o(.text)
    ETH_IRQHandler                           0x08000253   Thumb Code     0  startup_stm32f407xx.o(.text)
    ETH_WKUP_IRQHandler                      0x08000253   Thumb Code     0  startup_stm32f407xx.o(.text)
    EXTI0_IRQHandler                         0x08000253   Thumb Code     0  startup_stm32f407xx.o(.text)
    EXTI15_10_IRQHandler                     0x08000253   Thumb Code     0  startup_stm32f407xx.o(.text)
    EXTI1_IRQHandler                         0x08000253   Thumb Code     0  startup_stm32f407xx.o(.text)
    EXTI2_IRQHandler                         0x08000253   Thumb Code     0  startup_stm32f407xx.o(.text)
    EXTI3_IRQHandler                         0x08000253   Thumb Code     0  startup_stm32f407xx.o(.text)
    EXTI4_IRQHandler                         0x08000253   Thumb Code     0  startup_stm32f407xx.o(.text)
    EXTI9_5_IRQHandler                       0x08000253   Thumb Code     0  startup_stm32f407xx.o(.text)
    FLASH_IRQHandler                         0x08000253   Thumb Code     0  startup_stm32f407xx.o(.text)
    FMC_IRQHandler                           0x08000253   Thumb Code     0  startup_stm32f407xx.o(.text)
    FPU_IRQHandler                           0x08000253   Thumb Code     0  startup_stm32f407xx.o(.text)
    HASH_RNG_IRQHandler                      0x08000253   Thumb Code     0  startup_stm32f407xx.o(.text)
    I2C1_ER_IRQHandler                       0x08000253   Thumb Code     0  startup_stm32f407xx.o(.text)
    I2C1_EV_IRQHandler                       0x08000253   Thumb Code     0  startup_stm32f407xx.o(.text)
    I2C2_ER_IRQHandler                       0x08000253   Thumb Code     0  startup_stm32f407xx.o(.text)
    I2C2_EV_IRQHandler                       0x08000253   Thumb Code     0  startup_stm32f407xx.o(.text)
    I2C3_ER_IRQHandler                       0x08000253   Thumb Code     0  startup_stm32f407xx.o(.text)
    I2C3_EV_IRQHandler                       0x08000253   Thumb Code     0  startup_stm32f407xx.o(.text)
    OTG_FS_IRQHandler                        0x08000253   Thumb Code     0  startup_stm32f407xx.o(.text)
    OTG_FS_WKUP_IRQHandler                   0x08000253   Thumb Code     0  startup_stm32f407xx.o(.text)
    OTG_HS_EP1_IN_IRQHandler                 0x08000253   Thumb Code     0  startup_stm32f407xx.o(.text)
    OTG_HS_EP1_OUT_IRQHandler                0x08000253   Thumb Code     0  startup_stm32f407xx.o(.text)
    OTG_HS_IRQHandler                        0x08000253   Thumb Code     0  startup_stm32f407xx.o(.text)
    OTG_HS_WKUP_IRQHandler                   0x08000253   Thumb Code     0  startup_stm32f407xx.o(.text)
    PVD_IRQHandler                           0x08000253   Thumb Code     0  startup_stm32f407xx.o(.text)
    RCC_IRQHandler                           0x08000253   Thumb Code     0  startup_stm32f407xx.o(.text)
    RTC_Alarm_IRQHandler                     0x08000253   Thumb Code     0  startup_stm32f407xx.o(.text)
    RTC_WKUP_IRQHandler                      0x08000253   Thumb Code     0  startup_stm32f407xx.o(.text)
    SDIO_IRQHandler                          0x08000253   Thumb Code     0  startup_stm32f407xx.o(.text)
    SPI1_IRQHandler                          0x08000253   Thumb Code     0  startup_stm32f407xx.o(.text)
    SPI2_IRQHandler                          0x08000253   Thumb Code     0  startup_stm32f407xx.o(.text)
    SPI3_IRQHandler                          0x08000253   Thumb Code     0  startup_stm32f407xx.o(.text)
    TAMP_STAMP_IRQHandler                    0x08000253   Thumb Code     0  startup_stm32f407xx.o(.text)
    TIM1_BRK_TIM9_IRQHandler                 0x08000253   Thumb Code     0  startup_stm32f407xx.o(.text)
    TIM1_CC_IRQHandler                       0x08000253   Thumb Code     0  startup_stm32f407xx.o(.text)
    TIM1_TRG_COM_TIM11_IRQHandler            0x08000253   Thumb Code     0  startup_stm32f407xx.o(.text)
    TIM2_IRQHandler                          0x08000253   Thumb Code     0  startup_stm32f407xx.o(.text)
    TIM3_IRQHandler                          0x08000253   Thumb Code     0  startup_stm32f407xx.o(.text)
    TIM4_IRQHandler                          0x08000253   Thumb Code     0  startup_stm32f407xx.o(.text)
    TIM5_IRQHandler                          0x08000253   Thumb Code     0  startup_stm32f407xx.o(.text)
    TIM6_DAC_IRQHandler                      0x08000253   Thumb Code     0  startup_stm32f407xx.o(.text)
    TIM7_IRQHandler                          0x08000253   Thumb Code     0  startup_stm32f407xx.o(.text)
    TIM8_BRK_TIM12_IRQHandler                0x08000253   Thumb Code     0  startup_stm32f407xx.o(.text)
    TIM8_CC_IRQHandler                       0x08000253   Thumb Code     0  startup_stm32f407xx.o(.text)
    TIM8_TRG_COM_TIM14_IRQHandler            0x08000253   Thumb Code     0  startup_stm32f407xx.o(.text)
    TIM8_UP_TIM13_IRQHandler                 0x08000253   Thumb Code     0  startup_stm32f407xx.o(.text)
    UART4_IRQHandler                         0x08000253   Thumb Code     0  startup_stm32f407xx.o(.text)
    UART5_IRQHandler                         0x08000253   Thumb Code     0  startup_stm32f407xx.o(.text)
    USART1_IRQHandler                        0x08000253   Thumb Code     0  startup_stm32f407xx.o(.text)
    USART2_IRQHandler                        0x08000253   Thumb Code     0  startup_stm32f407xx.o(.text)
    USART3_IRQHandler                        0x08000253   Thumb Code     0  startup_stm32f407xx.o(.text)
    USART6_IRQHandler                        0x08000253   Thumb Code     0  startup_stm32f407xx.o(.text)
    WWDG_IRQHandler                          0x08000253   Thumb Code     0  startup_stm32f407xx.o(.text)
    __user_initial_stackheap                 0x08000255   Thumb Code     0  startup_stm32f407xx.o(.text)
    __aeabi_uldivmod                         0x08000279   Thumb Code     0  lludivv7m.o(.text)
    _ll_udiv                                 0x08000279   Thumb Code   238  lludivv7m.o(.text)
    __2printf                                0x08000369   Thumb Code    20  noretval__2printf.o(.text)
    __aeabi_memclr4                          0x08000381   Thumb Code     0  rt_memclr_w.o(.text)
    __aeabi_memclr8                          0x08000381   Thumb Code     0  rt_memclr_w.o(.text)
    __rt_memclr_w                            0x08000381   Thumb Code    78  rt_memclr_w.o(.text)
    _memset_w                                0x08000385   Thumb Code     0  rt_memclr_w.o(.text)
    __use_two_region_memory                  0x080003cf   Thumb Code     2  heapauxi.o(.text)
    __rt_heap_escrow                         0x080003d1   Thumb Code     2  heapauxi.o(.text)
    __rt_heap_expand                         0x080003d3   Thumb Code     2  heapauxi.o(.text)
    _printf_char_file                        0x080003d5   Thumb Code    32  _printf_char_file.o(.text)
    _printf_char_common                      0x08000403   Thumb Code    32  _printf_char_common.o(.text)
    ferror                                   0x08000429   Thumb Code     8  ferror.o(.text)
    _initio                                  0x08000431   Thumb Code   210  initio.o(.text)
    _terminateio                             0x08000503   Thumb Code    56  initio.o(.text)
    _sys_open                                0x08000569   Thumb Code    20  sys_io.o(.text)
    _sys_close                               0x0800057d   Thumb Code    12  sys_io.o(.text)
    _sys_write                               0x08000589   Thumb Code    16  sys_io.o(.text)
    _sys_read                                0x08000599   Thumb Code    14  sys_io.o(.text)
    _sys_istty                               0x080005a7   Thumb Code    12  sys_io.o(.text)
    _sys_seek                                0x080005b3   Thumb Code    14  sys_io.o(.text)
    _sys_ensure                              0x080005c1   Thumb Code     2  sys_io.o(.text)
    _sys_flen                                0x080005c3   Thumb Code    12  sys_io.o(.text)
    __user_setup_stackheap                   0x080005cf   Thumb Code    74  sys_stackheap_outer.o(.text)
    free                                     0x08000619   Thumb Code    78  h1_free.o(.text)
    __printf                                 0x08000667   Thumb Code    40  __printf_nopercent.o(.text)
    __flsbuf                                 0x0800068f   Thumb Code   470  flsbuf.o(.text)
    __flsbuf_byte                            0x0800068f   Thumb Code     0  flsbuf.o(.text)
    __flsbuf_wide                            0x0800068f   Thumb Code     0  flsbuf.o(.text)
    setvbuf                                  0x08000865   Thumb Code    70  setvbuf.o(.text)
    freopen                                  0x080008ad   Thumb Code   158  fopen.o(.text)
    fopen                                    0x0800094b   Thumb Code    74  fopen.o(.text)
    _fclose_internal                         0x08000999   Thumb Code    76  fclose.o(.text)
    fclose                                   0x08000999   Thumb Code     0  fclose.o(.text)
    exit                                     0x080009e5   Thumb Code    18  exit.o(.text)
    __rt_SIGRTRED                            0x080009f7   Thumb Code    14  defsig_rtred_outer.o(.text)
    __user_libspace                          0x08000a05   Thumb Code     8  libspace.o(.text)
    __user_perproc_libspace                  0x08000a05   Thumb Code     0  libspace.o(.text)
    __user_perthread_libspace                0x08000a05   Thumb Code     0  libspace.o(.text)
    __I$use$semihosting                      0x08000a0d   Thumb Code     0  use_no_semi.o(.text)
    __use_no_semihosting_swi                 0x08000a0d   Thumb Code     2  use_no_semi.o(.text)
    __semihosting_library_function           0x08000a0f   Thumb Code     0  indicate_semi.o(.text)
    __rt_heap_descriptor                     0x08000a11   Thumb Code     8  rt_heap_descriptor_intlibspace.o(.text)
    __use_no_heap                            0x08000a19   Thumb Code     2  hguard.o(.text)
    __heap$guard                             0x08000a1b   Thumb Code     2  hguard.o(.text)
    _terminate_user_alloc                    0x08000a1d   Thumb Code     2  init_alloc.o(.text)
    _init_user_alloc                         0x08000a1f   Thumb Code     2  init_alloc.o(.text)
    __Heap_Full                              0x08000a21   Thumb Code    34  init_alloc.o(.text)
    __Heap_Broken                            0x08000a43   Thumb Code     6  init_alloc.o(.text)
    _init_alloc                              0x08000a49   Thumb Code    94  init_alloc.o(.text)
    malloc                                   0x08000aa7   Thumb Code    94  h1_alloc.o(.text)
    _fseek                                   0x08000b05   Thumb Code   242  fseek.o(.text)
    fseek                                    0x08000b05   Thumb Code     0  fseek.o(.text)
    _seterr                                  0x08000bfd   Thumb Code    20  stdio.o(.text)
    _writebuf                                0x08000c11   Thumb Code    84  stdio.o(.text)
    _fflush                                  0x08000c65   Thumb Code    70  stdio.o(.text)
    _deferredlazyseek                        0x08000cab   Thumb Code    60  stdio.o(.text)
    __sig_exit                               0x08000ced   Thumb Code    10  defsig_exit.o(.text)
    __rt_SIGRTRED_inner                      0x08000cf9   Thumb Code    14  defsig_rtred_inner.o(.text)
    strlen                                   0x08000d2d   Thumb Code    62  strlen.o(.text)
    _sys_exit                                0x08000d6d   Thumb Code     8  sys_exit.o(.text)
    __Heap_Initialize                        0x08000d79   Thumb Code    10  h1_init.o(.text)
    __Heap_DescSize                          0x08000d83   Thumb Code     4  h1_init.o(.text)
    __Heap_ProvideMemory                     0x08000d87   Thumb Code    52  h1_extend.o(.text)
    _ftell_internal                          0x08000dbb   Thumb Code    66  ftell.o(.text)
    ftell                                    0x08000dbb   Thumb Code     0  ftell.o(.text)
    __default_signal_display                 0x08000dfd   Thumb Code    50  defsig_general.o(.text)
    __rt_SIGRTMEM                            0x08000e2f   Thumb Code    14  defsig_rtmem_outer.o(.text)
    _ttywrch                                 0x08000e3d   Thumb Code    14  sys_wrch.o(.text)
    __aeabi_errno_addr                       0x08000e4d   Thumb Code     8  rt_errno_addr_intlibspace.o(.text)
    __errno$intlibspace                      0x08000e4d   Thumb Code     0  rt_errno_addr_intlibspace.o(.text)
    __rt_errno_addr$intlibspace              0x08000e4d   Thumb Code     0  rt_errno_addr_intlibspace.o(.text)
    __rt_SIGRTMEM_inner                      0x08000e55   Thumb Code    22  defsig_rtmem_inner.o(.text)
    BusFault_Handler                         0x08000ea5   Thumb Code     2  stm32f4xx_it.o(i.BusFault_Handler)
    CAN1_RX0_IRQHandler                      0x08000ea9   Thumb Code     6  stm32f4xx_it.o(i.CAN1_RX0_IRQHandler)
    CAN2_RX0_IRQHandler                      0x08000eb5   Thumb Code     6  stm32f4xx_it.o(i.CAN2_RX0_IRQHandler)
    CAN_TRANSMIT1                            0x08000ec1   Thumb Code    74  can.o(i.CAN_TRANSMIT1)
    CAN_TRANSMIT2                            0x08000f1d   Thumb Code    74  can.o(i.CAN_TRANSMIT2)
    DebugMon_Handler                         0x08000f79   Thumb Code     2  stm32f4xx_it.o(i.DebugMon_Handler)
    Error_Handler                            0x08000f7b   Thumb Code     4  main.o(i.Error_Handler)
    HAL_CAN_ActivateNotification             0x08000f7f   Thumb Code    36  stm32f4xx_hal_can.o(i.HAL_CAN_ActivateNotification)
    HAL_CAN_AddTxMessage                     0x08000fa3   Thumb Code   200  stm32f4xx_hal_can.o(i.HAL_CAN_AddTxMessage)
    HAL_CAN_ConfigFilter                     0x0800106d   Thumb Code   262  stm32f4xx_hal_can.o(i.HAL_CAN_ConfigFilter)
    HAL_CAN_ErrorCallback                    0x08001179   Thumb Code     2  stm32f4xx_hal_can.o(i.HAL_CAN_ErrorCallback)
    HAL_CAN_IRQHandler                       0x0800117b   Thumb Code   508  stm32f4xx_hal_can.o(i.HAL_CAN_IRQHandler)
    HAL_CAN_Init                             0x08001377   Thumb Code   282  stm32f4xx_hal_can.o(i.HAL_CAN_Init)
    HAL_CAN_MspInit                          0x08001491   Thumb Code   232  can.o(i.HAL_CAN_MspInit)
    HAL_CAN_RxFifo0FullCallback              0x08001591   Thumb Code     2  stm32f4xx_hal_can.o(i.HAL_CAN_RxFifo0FullCallback)
    HAL_CAN_RxFifo0MsgPendingCallback        0x08001593   Thumb Code     2  stm32f4xx_hal_can.o(i.HAL_CAN_RxFifo0MsgPendingCallback)
    HAL_CAN_RxFifo1FullCallback              0x08001595   Thumb Code     2  stm32f4xx_hal_can.o(i.HAL_CAN_RxFifo1FullCallback)
    HAL_CAN_RxFifo1MsgPendingCallback        0x08001597   Thumb Code     2  stm32f4xx_hal_can.o(i.HAL_CAN_RxFifo1MsgPendingCallback)
    HAL_CAN_SleepCallback                    0x08001599   Thumb Code     2  stm32f4xx_hal_can.o(i.HAL_CAN_SleepCallback)
    HAL_CAN_Start                            0x0800159d   Thumb Code    88  stm32f4xx_hal_can.o(i.HAL_CAN_Start)
    HAL_CAN_TxMailbox0AbortCallback          0x080015f5   Thumb Code     2  stm32f4xx_hal_can.o(i.HAL_CAN_TxMailbox0AbortCallback)
    HAL_CAN_TxMailbox0CompleteCallback       0x080015f7   Thumb Code     2  stm32f4xx_hal_can.o(i.HAL_CAN_TxMailbox0CompleteCallback)
    HAL_CAN_TxMailbox1AbortCallback          0x080015f9   Thumb Code     2  stm32f4xx_hal_can.o(i.HAL_CAN_TxMailbox1AbortCallback)
    HAL_CAN_TxMailbox1CompleteCallback       0x080015fb   Thumb Code     2  stm32f4xx_hal_can.o(i.HAL_CAN_TxMailbox1CompleteCallback)
    HAL_CAN_TxMailbox2AbortCallback          0x080015fd   Thumb Code     2  stm32f4xx_hal_can.o(i.HAL_CAN_TxMailbox2AbortCallback)
    HAL_CAN_TxMailbox2CompleteCallback       0x080015ff   Thumb Code     2  stm32f4xx_hal_can.o(i.HAL_CAN_TxMailbox2CompleteCallback)
    HAL_CAN_WakeUpFromRxMsgCallback          0x08001601   Thumb Code     2  stm32f4xx_hal_can.o(i.HAL_CAN_WakeUpFromRxMsgCallback)
    HAL_Delay                                0x08001605   Thumb Code    32  stm32f4xx_hal.o(i.HAL_Delay)
    HAL_GPIO_Init                            0x08001629   Thumb Code   450  stm32f4xx_hal_gpio.o(i.HAL_GPIO_Init)
    HAL_GPIO_WritePin                        0x08001819   Thumb Code    10  stm32f4xx_hal_gpio.o(i.HAL_GPIO_WritePin)
    HAL_GetTick                              0x08001825   Thumb Code     6  stm32f4xx_hal.o(i.HAL_GetTick)
    HAL_IncTick                              0x08001831   Thumb Code    12  stm32f4xx_hal.o(i.HAL_IncTick)
    HAL_Init                                 0x08001841   Thumb Code    48  stm32f4xx_hal.o(i.HAL_Init)
    HAL_InitTick                             0x08001875   Thumb Code   100  stm32f4xx_hal_timebase_tim.o(i.HAL_InitTick)
    HAL_MspInit                              0x080018e9   Thumb Code    42  stm32f4xx_hal_msp.o(i.HAL_MspInit)
    HAL_NVIC_EnableIRQ                       0x08001919   Thumb Code    26  stm32f4xx_hal_cortex.o(i.HAL_NVIC_EnableIRQ)
    HAL_NVIC_SetPriority                     0x08001935   Thumb Code    60  stm32f4xx_hal_cortex.o(i.HAL_NVIC_SetPriority)
    HAL_NVIC_SetPriorityGrouping             0x08001975   Thumb Code    26  stm32f4xx_hal_cortex.o(i.HAL_NVIC_SetPriorityGrouping)
    HAL_RCC_ClockConfig                      0x08001999   Thumb Code   288  stm32f4xx_hal_rcc.o(i.HAL_RCC_ClockConfig)
    HAL_RCC_GetClockConfig                   0x08001acd   Thumb Code    54  stm32f4xx_hal_rcc.o(i.HAL_RCC_GetClockConfig)
    HAL_RCC_GetPCLK2Freq                     0x08001b0d   Thumb Code    20  stm32f4xx_hal_rcc.o(i.HAL_RCC_GetPCLK2Freq)
    HAL_RCC_GetSysClockFreq                  0x08001b2d   Thumb Code    88  stm32f4xx_hal_rcc.o(i.HAL_RCC_GetSysClockFreq)
    HAL_RCC_OscConfig                        0x08001b8d   Thumb Code   856  stm32f4xx_hal_rcc.o(i.HAL_RCC_OscConfig)
    HAL_TIMEx_BreakCallback                  0x08001ef9   Thumb Code     2  stm32f4xx_hal_tim_ex.o(i.HAL_TIMEx_BreakCallback)
    HAL_TIMEx_CommutCallback                 0x08001efb   Thumb Code     2  stm32f4xx_hal_tim_ex.o(i.HAL_TIMEx_CommutCallback)
    HAL_TIM_Base_Init                        0x08001efd   Thumb Code    90  stm32f4xx_hal_tim.o(i.HAL_TIM_Base_Init)
    HAL_TIM_Base_MspInit                     0x08001f57   Thumb Code     2  stm32f4xx_hal_tim.o(i.HAL_TIM_Base_MspInit)
    HAL_TIM_Base_Start_IT                    0x08001f59   Thumb Code   100  stm32f4xx_hal_tim.o(i.HAL_TIM_Base_Start_IT)
    HAL_TIM_IC_CaptureCallback               0x08001fd9   Thumb Code     2  stm32f4xx_hal_tim.o(i.HAL_TIM_IC_CaptureCallback)
    HAL_TIM_IRQHandler                       0x08001fdb   Thumb Code   358  stm32f4xx_hal_tim.o(i.HAL_TIM_IRQHandler)
    HAL_TIM_OC_DelayElapsedCallback          0x08002141   Thumb Code     2  stm32f4xx_hal_tim.o(i.HAL_TIM_OC_DelayElapsedCallback)
    HAL_TIM_PWM_PulseFinishedCallback        0x08002143   Thumb Code     2  stm32f4xx_hal_tim.o(i.HAL_TIM_PWM_PulseFinishedCallback)
    HAL_TIM_PeriodElapsedCallback            0x08002145   Thumb Code    14  main.o(i.HAL_TIM_PeriodElapsedCallback)
    HAL_TIM_TriggerCallback                  0x08002159   Thumb Code     2  stm32f4xx_hal_tim.o(i.HAL_TIM_TriggerCallback)
    HardFault_Handler                        0x0800215b   Thumb Code     2  stm32f4xx_it.o(i.HardFault_Handler)
    MX_CAN1_Init                             0x0800215d   Thumb Code   144  can.o(i.MX_CAN1_Init)
    MX_CAN2_Init                             0x08002211   Thumb Code    78  can.o(i.MX_CAN2_Init)
    MX_GPIO_Init                             0x08002281   Thumb Code   116  gpio.o(i.MX_GPIO_Init)
    MemManage_Handler                        0x080022fd   Thumb Code     2  stm32f4xx_it.o(i.MemManage_Handler)
    NMI_Handler                              0x080022ff   Thumb Code     2  stm32f4xx_it.o(i.NMI_Handler)
    PendSV_Handler                           0x08002301   Thumb Code     2  stm32f4xx_it.o(i.PendSV_Handler)
    SVC_Handler                              0x08002303   Thumb Code     2  stm32f4xx_it.o(i.SVC_Handler)
    SysTick_Handler                          0x08002305   Thumb Code     2  stm32f4xx_it.o(i.SysTick_Handler)
    SystemClock_Config                       0x08002309   Thumb Code   138  main.o(i.SystemClock_Config)
    SystemInit                               0x0800239d   Thumb Code    12  system_stm32f4xx.o(i.SystemInit)
    TIM1_UP_TIM10_IRQHandler                 0x080023ad   Thumb Code     6  stm32f4xx_it.o(i.TIM1_UP_TIM10_IRQHandler)
    TIM_Base_SetConfig                       0x080023b9   Thumb Code   156  stm32f4xx_hal_tim.o(i.TIM_Base_SetConfig)
    UsageFault_Handler                       0x08002481   Thumb Code     2  stm32f4xx_it.o(i.UsageFault_Handler)
    fputc                                    0x080024a3   Thumb Code    26  fputc.o(i.fputc)
    main                                     0x080024bd   Thumb Code    52  main.o(i.main)
    _fp_init                                 0x080024f1   Thumb Code    10  fpinit.o(x$fpl$fpinit)
    __fplib_config_fpu_vfp                   0x080024f9   Thumb Code     0  fpinit.o(x$fpl$fpinit)
    __fplib_config_pureend_doubles           0x080024f9   Thumb Code     0  fpinit.o(x$fpl$fpinit)
    AHBPrescTable                            0x080024fa   Data          16  system_stm32f4xx.o(.constdata)
    APBPrescTable                            0x0800250a   Data           8  system_stm32f4xx.o(.constdata)
    __stdin_name                             0x08002512   Data           4  sys_io.o(.constdata)
    __stdout_name                            0x08002516   Data           4  sys_io.o(.constdata)
    __stderr_name                            0x0800251a   Data           4  sys_io.o(.constdata)
    Region$$Table$$Base                      0x08002520   Number         0  anon$$obj.o(Region$$Table)
    Region$$Table$$Limit                     0x08002540   Number         0  anon$$obj.o(Region$$Table)
    uwTickFreq                               0x20000004   Data           1  stm32f4xx_hal.o(.data)
    uwTickPrio                               0x20000008   Data           4  stm32f4xx_hal.o(.data)
    uwTick                                   0x2000000c   Data           4  stm32f4xx_hal.o(.data)
    SystemCoreClock                          0x20000010   Data           4  system_stm32f4xx.o(.data)
    __aeabi_stdin                            0x20000014   Data           4  stdio_streams.o(.data)
    __aeabi_stdout                           0x20000018   Data           4  stdio_streams.o(.data)
    __aeabi_stderr                           0x2000001c   Data           4  stdio_streams.o(.data)
    TxMessage1                               0x20000020   Data          24  can.o(.bss)
    TxMessage2                               0x20000038   Data          24  can.o(.bss)
    hcan1                                    0x20000050   Data          40  can.o(.bss)
    hcan2                                    0x20000078   Data          40  can.o(.bss)
    htim1                                    0x200000a0   Data          72  stm32f4xx_hal_timebase_tim.o(.bss)
    __stdin                                  0x200000e8   Data          84  stdio_streams.o(.bss)
    __stdout                                 0x2000013c   Data          84  stdio_streams.o(.bss)
    __stderr                                 0x20000190   Data          84  stdio_streams.o(.bss)
    __libspace_start                         0x200001e4   Data          96  libspace.o(.bss)
    __temporary_stack_top$libspace           0x20000244   Data           0  libspace.o(.bss)



==============================================================================

Memory Map of the image

  Image Entry point : 0x08000189

  Load Region LR_IROM1 (Base: 0x08000000, Size: 0x00002560, Max: 0x00100000, ABSOLUTE)

    Execution Region ER_IROM1 (Base: 0x08000000, Size: 0x00002540, Max: 0x00100000, ABSOLUTE)

    Base Addr    Size         Type   Attr      Idx    E Section Name        Object

    0x08000000   0x00000188   Data   RO            3    RESET               startup_stm32f407xx.o
    0x08000188   0x00000008   Code   RO         3908  * !!!main             c_w.l(__main.o)
    0x08000190   0x00000034   Code   RO         4262    !!!scatter          c_w.l(__scatter.o)
    0x080001c4   0x0000001a   Code   RO         4264    !!handler_copy      c_w.l(__scatter_copy.o)
    0x080001de   0x00000002   PAD
    0x080001e0   0x0000001c   Code   RO         4266    !!handler_zi        c_w.l(__scatter_zi.o)
    0x080001fc   0x00000002   Code   RO         4053    .ARM.Collect$$libinit$$00000000  c_w.l(libinit.o)
    0x080001fe   0x00000004   Code   RO         4054    .ARM.Collect$$libinit$$00000001  c_w.l(libinit2.o)
    0x08000202   0x00000000   Code   RO         4057    .ARM.Collect$$libinit$$00000004  c_w.l(libinit2.o)
    0x08000202   0x00000008   Code   RO         4058    .ARM.Collect$$libinit$$00000005  c_w.l(libinit2.o)
    0x0800020a   0x00000000   Code   RO         4060    .ARM.Collect$$libinit$$0000000A  c_w.l(libinit2.o)
    0x0800020a   0x00000000   Code   RO         4062    .ARM.Collect$$libinit$$0000000C  c_w.l(libinit2.o)
    0x0800020a   0x00000000   Code   RO         4064    .ARM.Collect$$libinit$$0000000E  c_w.l(libinit2.o)
    0x0800020a   0x00000000   Code   RO         4067    .ARM.Collect$$libinit$$00000011  c_w.l(libinit2.o)
    0x0800020a   0x00000000   Code   RO         4069    .ARM.Collect$$libinit$$00000013  c_w.l(libinit2.o)
    0x0800020a   0x00000000   Code   RO         4071    .ARM.Collect$$libinit$$00000015  c_w.l(libinit2.o)
    0x0800020a   0x00000000   Code   RO         4073    .ARM.Collect$$libinit$$00000017  c_w.l(libinit2.o)
    0x0800020a   0x00000000   Code   RO         4075    .ARM.Collect$$libinit$$00000019  c_w.l(libinit2.o)
    0x0800020a   0x00000000   Code   RO         4077    .ARM.Collect$$libinit$$0000001B  c_w.l(libinit2.o)
    0x0800020a   0x00000000   Code   RO         4079    .ARM.Collect$$libinit$$0000001D  c_w.l(libinit2.o)
    0x0800020a   0x00000000   Code   RO         4081    .ARM.Collect$$libinit$$0000001F  c_w.l(libinit2.o)
    0x0800020a   0x00000000   Code   RO         4083    .ARM.Collect$$libinit$$00000021  c_w.l(libinit2.o)
    0x0800020a   0x00000000   Code   RO         4085    .ARM.Collect$$libinit$$00000023  c_w.l(libinit2.o)
    0x0800020a   0x00000004   Code   RO         4086    .ARM.Collect$$libinit$$00000024  c_w.l(libinit2.o)
    0x0800020e   0x00000000   Code   RO         4087    .ARM.Collect$$libinit$$00000025  c_w.l(libinit2.o)
    0x0800020e   0x00000000   Code   RO         4091    .ARM.Collect$$libinit$$0000002C  c_w.l(libinit2.o)
    0x0800020e   0x00000000   Code   RO         4093    .ARM.Collect$$libinit$$0000002E  c_w.l(libinit2.o)
    0x0800020e   0x00000000   Code   RO         4095    .ARM.Collect$$libinit$$00000030  c_w.l(libinit2.o)
    0x0800020e   0x00000000   Code   RO         4097    .ARM.Collect$$libinit$$00000032  c_w.l(libinit2.o)
    0x0800020e   0x00000002   Code   RO         4098    .ARM.Collect$$libinit$$00000033  c_w.l(libinit2.o)
    0x08000210   0x00000002   Code   RO         4243    .ARM.Collect$$libshutdown$$00000000  c_w.l(libshutdown.o)
    0x08000212   0x00000000   Code   RO         4100    .ARM.Collect$$libshutdown$$00000002  c_w.l(libshutdown2.o)
    0x08000212   0x00000004   Code   RO         4101    .ARM.Collect$$libshutdown$$00000003  c_w.l(libshutdown2.o)
    0x08000216   0x00000000   Code   RO         4102    .ARM.Collect$$libshutdown$$00000004  c_w.l(libshutdown2.o)
    0x08000216   0x00000000   Code   RO         4105    .ARM.Collect$$libshutdown$$00000007  c_w.l(libshutdown2.o)
    0x08000216   0x00000000   Code   RO         4108    .ARM.Collect$$libshutdown$$0000000A  c_w.l(libshutdown2.o)
    0x08000216   0x00000000   Code   RO         4110    .ARM.Collect$$libshutdown$$0000000C  c_w.l(libshutdown2.o)
    0x08000216   0x00000000   Code   RO         4113    .ARM.Collect$$libshutdown$$0000000F  c_w.l(libshutdown2.o)
    0x08000216   0x00000002   Code   RO         4114    .ARM.Collect$$libshutdown$$00000010  c_w.l(libshutdown2.o)
    0x08000218   0x00000000   Code   RO         3910    .ARM.Collect$$rtentry$$00000000  c_w.l(__rtentry.o)
    0x08000218   0x00000000   Code   RO         3926    .ARM.Collect$$rtentry$$00000002  c_w.l(__rtentry2.o)
    0x08000218   0x00000006   Code   RO         3938    .ARM.Collect$$rtentry$$00000004  c_w.l(__rtentry4.o)
    0x0800021e   0x00000000   Code   RO         3928    .ARM.Collect$$rtentry$$00000009  c_w.l(__rtentry2.o)
    0x0800021e   0x00000004   Code   RO         3929    .ARM.Collect$$rtentry$$0000000A  c_w.l(__rtentry2.o)
    0x08000222   0x00000000   Code   RO         3931    .ARM.Collect$$rtentry$$0000000C  c_w.l(__rtentry2.o)
    0x08000222   0x00000008   Code   RO         3932    .ARM.Collect$$rtentry$$0000000D  c_w.l(__rtentry2.o)
    0x0800022a   0x00000002   Code   RO         4123    .ARM.Collect$$rtexit$$00000000  c_w.l(rtexit.o)
    0x0800022c   0x00000000   Code   RO         4181    .ARM.Collect$$rtexit$$00000002  c_w.l(rtexit2.o)
    0x0800022c   0x00000004   Code   RO         4182    .ARM.Collect$$rtexit$$00000003  c_w.l(rtexit2.o)
    0x08000230   0x00000006   Code   RO         4183    .ARM.Collect$$rtexit$$00000004  c_w.l(rtexit2.o)
    0x08000236   0x00000002   PAD
    0x08000238   0x00000000   Code   RO         4187    .emb_text           c_w.l(maybetermalloc1.o)
    0x08000238   0x00000040   Code   RO            4    .text               startup_stm32f407xx.o
    0x08000278   0x000000ee   Code   RO         3894    .text               c_w.l(lludivv7m.o)
    0x08000366   0x00000002   PAD
    0x08000368   0x00000018   Code   RO         3898    .text               c_w.l(noretval__2printf.o)
    0x08000380   0x0000004e   Code   RO         3904    .text               c_w.l(rt_memclr_w.o)
    0x080003ce   0x00000006   Code   RO         3906    .text               c_w.l(heapauxi.o)
    0x080003d4   0x00000024   Code   RO         3915    .text               c_w.l(_printf_char_file.o)
    0x080003f8   0x00000030   Code   RO         3942    .text               c_w.l(_printf_char_common.o)
    0x08000428   0x00000008   Code   RO         3944    .text               c_w.l(ferror.o)
    0x08000430   0x00000138   Code   RO         3950    .text               c_w.l(initio.o)
    0x08000568   0x00000066   Code   RO         3958    .text               c_w.l(sys_io.o)
    0x080005ce   0x0000004a   Code   RO         3965    .text               c_w.l(sys_stackheap_outer.o)
    0x08000618   0x0000004e   Code   RO         3969    .text               c_w.l(h1_free.o)
    0x08000666   0x00000028   Code   RO         4023    .text               c_w.l(__printf_nopercent.o)
    0x0800068e   0x000001d6   Code   RO         4025    .text               c_w.l(flsbuf.o)
    0x08000864   0x00000046   Code   RO         4027    .text               c_w.l(setvbuf.o)
    0x080008aa   0x00000002   PAD
    0x080008ac   0x000000ec   Code   RO         4030    .text               c_w.l(fopen.o)
    0x08000998   0x0000004c   Code   RO         4032    .text               c_w.l(fclose.o)
    0x080009e4   0x00000012   Code   RO         4038    .text               c_w.l(exit.o)
    0x080009f6   0x0000000e   Code   RO         4044    .text               c_w.l(defsig_rtred_outer.o)
    0x08000a04   0x00000008   Code   RO         4117    .text               c_w.l(libspace.o)
    0x08000a0c   0x00000002   Code   RO         4120    .text               c_w.l(use_no_semi.o)
    0x08000a0e   0x00000000   Code   RO         4122    .text               c_w.l(indicate_semi.o)
    0x08000a0e   0x00000002   PAD
    0x08000a10   0x00000008   Code   RO         4130    .text               c_w.l(rt_heap_descriptor_intlibspace.o)
    0x08000a18   0x00000004   Code   RO         4132    .text               c_w.l(hguard.o)
    0x08000a1c   0x0000008a   Code   RO         4134    .text               c_w.l(init_alloc.o)
    0x08000aa6   0x0000005e   Code   RO         4140    .text               c_w.l(h1_alloc.o)
    0x08000b04   0x000000f8   Code   RO         4156    .text               c_w.l(fseek.o)
    0x08000bfc   0x000000f0   Code   RO         4158    .text               c_w.l(stdio.o)
    0x08000cec   0x0000000a   Code   RO         4164    .text               c_w.l(defsig_exit.o)
    0x08000cf6   0x00000002   PAD
    0x08000cf8   0x00000034   Code   RO         4168    .text               c_w.l(defsig_rtred_inner.o)
    0x08000d2c   0x0000003e   Code   RO         4172    .text               c_w.l(strlen.o)
    0x08000d6a   0x00000002   PAD
    0x08000d6c   0x0000000c   Code   RO         4178    .text               c_w.l(sys_exit.o)
    0x08000d78   0x0000000e   Code   RO         4189    .text               c_w.l(h1_init.o)
    0x08000d86   0x00000034   Code   RO         4191    .text               c_w.l(h1_extend.o)
    0x08000dba   0x00000042   Code   RO         4201    .text               c_w.l(ftell.o)
    0x08000dfc   0x00000032   Code   RO         4209    .text               c_w.l(defsig_general.o)
    0x08000e2e   0x0000000e   Code   RO         4211    .text               c_w.l(defsig_rtmem_outer.o)
    0x08000e3c   0x0000000e   Code   RO         4224    .text               c_w.l(sys_wrch.o)
    0x08000e4a   0x00000002   PAD
    0x08000e4c   0x00000008   Code   RO         4231    .text               c_w.l(rt_errno_addr_intlibspace.o)
    0x08000e54   0x00000050   Code   RO         4237    .text               c_w.l(defsig_rtmem_inner.o)
    0x08000ea4   0x00000002   Code   RO          318    i.BusFault_Handler  stm32f4xx_it.o
    0x08000ea6   0x00000002   PAD
    0x08000ea8   0x0000000c   Code   RO          319    i.CAN1_RX0_IRQHandler  stm32f4xx_it.o
    0x08000eb4   0x0000000c   Code   RO          320    i.CAN2_RX0_IRQHandler  stm32f4xx_it.o
    0x08000ec0   0x0000005c   Code   RO          253    i.CAN_TRANSMIT1     can.o
    0x08000f1c   0x0000005c   Code   RO          254    i.CAN_TRANSMIT2     can.o
    0x08000f78   0x00000002   Code   RO          321    i.DebugMon_Handler  stm32f4xx_it.o
    0x08000f7a   0x00000004   Code   RO           13    i.Error_Handler     main.o
    0x08000f7e   0x00000024   Code   RO          476    i.HAL_CAN_ActivateNotification  stm32f4xx_hal_can.o
    0x08000fa2   0x000000c8   Code   RO          477    i.HAL_CAN_AddTxMessage  stm32f4xx_hal_can.o
    0x0800106a   0x00000002   PAD
    0x0800106c   0x0000010c   Code   RO          478    i.HAL_CAN_ConfigFilter  stm32f4xx_hal_can.o
    0x08001178   0x00000002   Code   RO          481    i.HAL_CAN_ErrorCallback  stm32f4xx_hal_can.o
    0x0800117a   0x000001fc   Code   RO          488    i.HAL_CAN_IRQHandler  stm32f4xx_hal_can.o
    0x08001376   0x0000011a   Code   RO          489    i.HAL_CAN_Init      stm32f4xx_hal_can.o
    0x08001490   0x00000100   Code   RO          256    i.HAL_CAN_MspInit   can.o
    0x08001590   0x00000002   Code   RO          496    i.HAL_CAN_RxFifo0FullCallback  stm32f4xx_hal_can.o
    0x08001592   0x00000002   Code   RO          497    i.HAL_CAN_RxFifo0MsgPendingCallback  stm32f4xx_hal_can.o
    0x08001594   0x00000002   Code   RO          498    i.HAL_CAN_RxFifo1FullCallback  stm32f4xx_hal_can.o
    0x08001596   0x00000002   Code   RO          499    i.HAL_CAN_RxFifo1MsgPendingCallback  stm32f4xx_hal_can.o
    0x08001598   0x00000002   Code   RO          500    i.HAL_CAN_SleepCallback  stm32f4xx_hal_can.o
    0x0800159a   0x00000002   PAD
    0x0800159c   0x00000058   Code   RO          501    i.HAL_CAN_Start     stm32f4xx_hal_can.o
    0x080015f4   0x00000002   Code   RO          503    i.HAL_CAN_TxMailbox0AbortCallback  stm32f4xx_hal_can.o
    0x080015f6   0x00000002   Code   RO          504    i.HAL_CAN_TxMailbox0CompleteCallback  stm32f4xx_hal_can.o
    0x080015f8   0x00000002   Code   RO          505    i.HAL_CAN_TxMailbox1AbortCallback  stm32f4xx_hal_can.o
    0x080015fa   0x00000002   Code   RO          506    i.HAL_CAN_TxMailbox1CompleteCallback  stm32f4xx_hal_can.o
    0x080015fc   0x00000002   Code   RO          507    i.HAL_CAN_TxMailbox2AbortCallback  stm32f4xx_hal_can.o
    0x080015fe   0x00000002   Code   RO          508    i.HAL_CAN_TxMailbox2CompleteCallback  stm32f4xx_hal_can.o
    0x08001600   0x00000002   Code   RO          510    i.HAL_CAN_WakeUpFromRxMsgCallback  stm32f4xx_hal_can.o
    0x08001602   0x00000002   PAD
    0x08001604   0x00000024   Code   RO         1590    i.HAL_Delay         stm32f4xx_hal.o
    0x08001628   0x000001f0   Code   RO         1064    i.HAL_GPIO_Init     stm32f4xx_hal_gpio.o
    0x08001818   0x0000000a   Code   RO         1068    i.HAL_GPIO_WritePin  stm32f4xx_hal_gpio.o
    0x08001822   0x00000002   PAD
    0x08001824   0x0000000c   Code   RO         1596    i.HAL_GetTick       stm32f4xx_hal.o
    0x08001830   0x00000010   Code   RO         1602    i.HAL_IncTick       stm32f4xx_hal.o
    0x08001840   0x00000034   Code   RO         1603    i.HAL_Init          stm32f4xx_hal.o
    0x08001874   0x00000074   Code   RO          436    i.HAL_InitTick      stm32f4xx_hal_timebase_tim.o
    0x080018e8   0x00000030   Code   RO          412    i.HAL_MspInit       stm32f4xx_hal_msp.o
    0x08001918   0x0000001a   Code   RO         1453    i.HAL_NVIC_EnableIRQ  stm32f4xx_hal_cortex.o
    0x08001932   0x00000002   PAD
    0x08001934   0x00000040   Code   RO         1459    i.HAL_NVIC_SetPriority  stm32f4xx_hal_cortex.o
    0x08001974   0x00000024   Code   RO         1460    i.HAL_NVIC_SetPriorityGrouping  stm32f4xx_hal_cortex.o
    0x08001998   0x00000134   Code   RO          710    i.HAL_RCC_ClockConfig  stm32f4xx_hal_rcc.o
    0x08001acc   0x00000040   Code   RO          714    i.HAL_RCC_GetClockConfig  stm32f4xx_hal_rcc.o
    0x08001b0c   0x00000020   Code   RO          718    i.HAL_RCC_GetPCLK2Freq  stm32f4xx_hal_rcc.o
    0x08001b2c   0x00000060   Code   RO          719    i.HAL_RCC_GetSysClockFreq  stm32f4xx_hal_rcc.o
    0x08001b8c   0x0000036c   Code   RO          722    i.HAL_RCC_OscConfig  stm32f4xx_hal_rcc.o
    0x08001ef8   0x00000002   Code   RO         2547    i.HAL_TIMEx_BreakCallback  stm32f4xx_hal_tim_ex.o
    0x08001efa   0x00000002   Code   RO         2548    i.HAL_TIMEx_CommutCallback  stm32f4xx_hal_tim_ex.o
    0x08001efc   0x0000005a   Code   RO         1843    i.HAL_TIM_Base_Init  stm32f4xx_hal_tim.o
    0x08001f56   0x00000002   Code   RO         1845    i.HAL_TIM_Base_MspInit  stm32f4xx_hal_tim.o
    0x08001f58   0x00000080   Code   RO         1848    i.HAL_TIM_Base_Start_IT  stm32f4xx_hal_tim.o
    0x08001fd8   0x00000002   Code   RO         1877    i.HAL_TIM_IC_CaptureCallback  stm32f4xx_hal_tim.o
    0x08001fda   0x00000166   Code   RO         1891    i.HAL_TIM_IRQHandler  stm32f4xx_hal_tim.o
    0x08002140   0x00000002   Code   RO         1894    i.HAL_TIM_OC_DelayElapsedCallback  stm32f4xx_hal_tim.o
    0x08002142   0x00000002   Code   RO         1921    i.HAL_TIM_PWM_PulseFinishedCallback  stm32f4xx_hal_tim.o
    0x08002144   0x00000014   Code   RO           14    i.HAL_TIM_PeriodElapsedCallback  main.o
    0x08002158   0x00000002   Code   RO         1934    i.HAL_TIM_TriggerCallback  stm32f4xx_hal_tim.o
    0x0800215a   0x00000002   Code   RO          322    i.HardFault_Handler  stm32f4xx_it.o
    0x0800215c   0x000000b4   Code   RO          257    i.MX_CAN1_Init      can.o
    0x08002210   0x00000070   Code   RO          258    i.MX_CAN2_Init      can.o
    0x08002280   0x0000007c   Code   RO          229    i.MX_GPIO_Init      gpio.o
    0x080022fc   0x00000002   Code   RO          323    i.MemManage_Handler  stm32f4xx_it.o
    0x080022fe   0x00000002   Code   RO          324    i.NMI_Handler       stm32f4xx_it.o
    0x08002300   0x00000002   Code   RO          325    i.PendSV_Handler    stm32f4xx_it.o
    0x08002302   0x00000002   Code   RO          326    i.SVC_Handler       stm32f4xx_it.o
    0x08002304   0x00000002   Code   RO          327    i.SysTick_Handler   stm32f4xx_it.o
    0x08002306   0x00000002   PAD
    0x08002308   0x00000094   Code   RO           15    i.SystemClock_Config  main.o
    0x0800239c   0x00000010   Code   RO         2815    i.SystemInit        system_stm32f4xx.o
    0x080023ac   0x0000000c   Code   RO          328    i.TIM1_UP_TIM10_IRQHandler  stm32f4xx_it.o
    0x080023b8   0x000000c8   Code   RO         1936    i.TIM_Base_SetConfig  stm32f4xx_hal_tim.o
    0x08002480   0x00000002   Code   RO          329    i.UsageFault_Handler  stm32f4xx_it.o
    0x08002482   0x00000020   Code   RO         1466    i.__NVIC_SetPriority  stm32f4xx_hal_cortex.o
    0x080024a2   0x0000001a   Code   RO         3947    i.fputc             c_w.l(fputc.o)
    0x080024bc   0x00000034   Code   RO           16    i.main              main.o
    0x080024f0   0x0000000a   Code   RO         4176    x$fpl$fpinit        fz_wm.l(fpinit.o)
    0x080024fa   0x00000010   Data   RO         2816    .constdata          system_stm32f4xx.o
    0x0800250a   0x00000008   Data   RO         2817    .constdata          system_stm32f4xx.o
    0x08002512   0x00000004   Data   RO         3959    .constdata          c_w.l(sys_io.o)
    0x08002516   0x00000004   Data   RO         3960    .constdata          c_w.l(sys_io.o)
    0x0800251a   0x00000004   Data   RO         3961    .constdata          c_w.l(sys_io.o)
    0x0800251e   0x00000002   PAD
    0x08002520   0x00000020   Data   RO         4260    Region$$Table       anon$$obj.o


    Execution Region RW_IRAM2 (Base: 0x10000000, Size: 0x00000000, Max: 0x00010000, ABSOLUTE)

    **** No section assigned to this execution region ****


    Execution Region RW_IRAM1 (Base: 0x20000000, Size: 0x00000848, Max: 0x00020000, ABSOLUTE)

    Base Addr    Size         Type   Attr      Idx    E Section Name        Object

    0x20000000   0x00000004   Data   RW          262    .data               can.o
    0x20000004   0x0000000c   Data   RW         1610    .data               stm32f4xx_hal.o
    0x20000010   0x00000004   Data   RW         2818    .data               system_stm32f4xx.o
    0x20000014   0x00000004   Data   RW         3920    .data               c_w.l(stdio_streams.o)
    0x20000018   0x00000004   Data   RW         3921    .data               c_w.l(stdio_streams.o)
    0x2000001c   0x00000004   Data   RW         3922    .data               c_w.l(stdio_streams.o)
    0x20000020   0x00000080   Zero   RW          259    .bss                can.o
    0x200000a0   0x00000048   Zero   RW          439    .bss                stm32f4xx_hal_timebase_tim.o
    0x200000e8   0x00000054   Zero   RW         3917    .bss                c_w.l(stdio_streams.o)
    0x2000013c   0x00000054   Zero   RW         3918    .bss                c_w.l(stdio_streams.o)
    0x20000190   0x00000054   Zero   RW         3919    .bss                c_w.l(stdio_streams.o)
    0x200001e4   0x00000060   Zero   RW         4118    .bss                c_w.l(libspace.o)
    0x20000244   0x00000004   PAD
    0x20000248   0x00000200   Zero   RW            2    HEAP                startup_stm32f407xx.o
    0x20000448   0x00000400   Zero   RW            1    STACK               startup_stm32f407xx.o


==============================================================================

Image component sizes


      Code (inc. data)   RO Data    RW Data    ZI Data      Debug   Object Name

       732        130          0          4        128       4536   can.o
       124          8          0          0          0        971   gpio.o
       224         16          0          0          0     694488   main.o
        64         26        392          0       1536        852   startup_stm32f407xx.o
       116         18          0         12          0       8786   stm32f4xx_hal.o
      1408          6          0          0          0      13960   stm32f4xx_hal_can.o
       158         14          0          0          0      33202   stm32f4xx_hal_cortex.o
       506         46          0          0          0       2216   stm32f4xx_hal_gpio.o
        48          6          0          0          0        874   stm32f4xx_hal_msp.o
      1376         70          0          0          0       5354   stm32f4xx_hal_rcc.o
       786         72          0          0          0       7444   stm32f4xx_hal_tim.o
         4          0          0          0          0       1625   stm32f4xx_hal_tim_ex.o
       116         16          0          0         72       1447   stm32f4xx_hal_timebase_tim.o
        54         18          0          0          0       5705   stm32f4xx_it.o
        16          4         24          4          0       1151   system_stm32f4xx.o

    ----------------------------------------------------------------------
      5746        450        448         20       1736     782611   Object Totals
         0          0         32          0          0          0   (incl. Generated)
        14          0          0          0          0          0   (incl. Padding)

    ----------------------------------------------------------------------

      Code (inc. data)   RO Data    RW Data    ZI Data      Debug   Library Member Name

         8          0          0          0          0         68   __main.o
        40          0          0          0          0         84   __printf_nopercent.o
         0          0          0          0          0          0   __rtentry.o
        12          0          0          0          0          0   __rtentry2.o
         6          0          0          0          0          0   __rtentry4.o
        52          8          0          0          0          0   __scatter.o
        26          0          0          0          0          0   __scatter_copy.o
        28          0          0          0          0          0   __scatter_zi.o
        48          6          0          0          0         96   _printf_char_common.o
        36          4          0          0          0         80   _printf_char_file.o
        10          0          0          0          0         68   defsig_exit.o
        50          0          0          0          0         88   defsig_general.o
        80         58          0          0          0         76   defsig_rtmem_inner.o
        14          0          0          0          0         80   defsig_rtmem_outer.o
        52         38          0          0          0         76   defsig_rtred_inner.o
        14          0          0          0          0         80   defsig_rtred_outer.o
        18          0          0          0          0         80   exit.o
        76          0          0          0          0         88   fclose.o
         8          0          0          0          0         68   ferror.o
       470          0          0          0          0         88   flsbuf.o
       236          4          0          0          0        128   fopen.o
        26          0          0          0          0         68   fputc.o
       248          6          0          0          0         84   fseek.o
        66          0          0          0          0         76   ftell.o
        94          0          0          0          0         80   h1_alloc.o
        52          0          0          0          0         68   h1_extend.o
        78          0          0          0          0         80   h1_free.o
        14          0          0          0          0         84   h1_init.o
         6          0          0          0          0        152   heapauxi.o
         4          0          0          0          0        136   hguard.o
         0          0          0          0          0          0   indicate_semi.o
       138          0          0          0          0        168   init_alloc.o
       312         46          0          0          0        112   initio.o
         2          0          0          0          0          0   libinit.o
        18          0          0          0          0          0   libinit2.o
         2          0          0          0          0          0   libshutdown.o
         6          0          0          0          0          0   libshutdown2.o
         8          4          0          0         96         68   libspace.o
       238          0          0          0          0        100   lludivv7m.o
         0          0          0          0          0          0   maybetermalloc1.o
        24          4          0          0          0         84   noretval__2printf.o
         8          4          0          0          0         68   rt_errno_addr_intlibspace.o
         8          4          0          0          0         68   rt_heap_descriptor_intlibspace.o
        78          0          0          0          0         80   rt_memclr_w.o
         2          0          0          0          0          0   rtexit.o
        10          0          0          0          0          0   rtexit2.o
        70          0          0          0          0         80   setvbuf.o
       240          6          0          0          0        156   stdio.o
         0          0          0         12        252          0   stdio_streams.o
        62          0          0          0          0         76   strlen.o
        12          4          0          0          0         68   sys_exit.o
       102          0         12          0          0        240   sys_io.o
        74          0          0          0          0         80   sys_stackheap_outer.o
        14          0          0          0          0         76   sys_wrch.o
         2          0          0          0          0         68   use_no_semi.o
        10          0          0          0          0        116   fpinit.o

    ----------------------------------------------------------------------
      3328        196         14         12        352       3784   Library Totals
        16          0          2          0          4          0   (incl. Padding)

    ----------------------------------------------------------------------

      Code (inc. data)   RO Data    RW Data    ZI Data      Debug   Library Name

      3302        196         12         12        348       3668   c_w.l
        10          0          0          0          0        116   fz_wm.l

    ----------------------------------------------------------------------
      3328        196         14         12        352       3784   Library Totals

    ----------------------------------------------------------------------

==============================================================================


      Code (inc. data)   RO Data    RW Data    ZI Data      Debug   

      9074        646        462         32       2088     778171   Grand Totals
      9074        646        462         32       2088     778171   ELF Image Totals
      9074        646        462         32          0          0   ROM Totals

==============================================================================

    Total RO  Size (Code + RO Data)                 9536 (   9.31kB)
    Total RW  Size (RW Data + ZI Data)              2120 (   2.07kB)
    Total ROM Size (Code + RO Data + RW Data)       9568 (   9.34kB)

==============================================================================

